D/dalvikvm( 1112): GC_FOR_ALLOC freed 204K, 4% free 17511K/18152K, paused 11ms, total 11ms
I/GCoreUlr( 1112): Not calling LocationReportingService, hasMoved: false, elapsed millis: 840267, request: Phone
D/dalvikvm( 1112): GC_CONCURRENT freed 408K, 4% free 17534K/18152K, paused 2ms+1ms, total 19ms
D/dalvikvm( 1159): GC_EXPLICIT freed 96K, 3% free 17150K/17664K, paused 1ms+2ms, total 15ms
I/GCoreUlr( 1112): Successfully inserted location
D/dalvikvm( 1112): GC_FOR_ALLOC freed 94K, 4% free 17512K/18152K, paused 15ms, total 15ms
I/GCoreUlr( 1112): Not calling LocationReportingService, hasMoved: false, elapsed millis: 900212, request: Phone
V/QcrilMsgTunnelSocket( 2290): After reading offset = 0 remaining = 4 countRead = 4
D/QcrilMsgTunnelSocket( 2290): messageLength extracted from first 4 inputStream reads = 29
V/QcrilMsgTunnelSocket( 2290): offset = 0 remaining = 29 countRead = 0
V/QcrilMsgTunnelSocket( 2290): offset = 0 remaining = 29 countRead = 29
D/QcrilMsgTunnelSocket( 2290): readRilMessage: Buffer = [B@42595fa0 HexData = [0100000004040000110000005155414c434f4d4def0308000100000000]
V/QcrilMsgTunnelSocket( 2290): Read packet: 29 bytes. Data Available = 32 Position = 0
D/QcrilMsgTunnelSocket( 2290): processResponse. message type = 1. Data Available = 28
D/QcrilMsgTunnelSocket( 2290): ByteArray from parcel = 5155414c434f4d4def0308000100000000
D/QcrilMsgTunnelSocket( 2290): Received RIL_UNSOL_OEM_HOOK_RAW message
D/QcrilMsgTunnelSocket( 2290): Oem ID in RIL_UNSOL_OEM_HOOK_RAW is QUALCOMM
D/QcrilMsgTunnelSocket( 2290): OEM ID check Passed
D/QcrilMsgTunnelSocket( 2290): Response ID in RIL_UNSOL_OEM_HOOK_RAW is 525295
D/QcrilMsgTunnelSocket( 2290): Response ID 525295is not served in this process.
D/QcrilMsgTunnelSocket( 2290): To broadcast an Intent via the notifier to external apps
V/QcrilMsgTunnelSocket( 2290): Before reading offset = 0 remaining = 4 countRead = 0
D/QcrilMsgTunnelIfaceManager( 2290): handleMessage what=0
D/QcrilMsgTunnelIfaceManager( 2290): Broadcasting intent ACTION_UNSOL_RESPONSE_OEM_HOOK_RAW
D/dalvikvm( 1112): GC_CONCURRENT freed 446K, 4% free 17529K/18152K, paused 2ms+1ms, total 35ms
I/GCoreUlr( 1112): Successfully inserted location
D/dalvikvm( 1112): GC_FOR_ALLOC freed 66K, 4% free 17512K/18152K, paused 10ms, total 11ms
I/GCoreUlr( 1112): Not calling LocationReportingService, hasMoved: false, elapsed millis: 960207, request: Phone
I/ActivityManager(  777): Start proc ws.websca.bitcointicker for broadcast ws.websca.bitcointicker/.BitcoinTickerAlarmReceiver: pid=27028 uid=10138 gids={50138, 3003}
D/dalvikvm(27028): GC_CONCURRENT freed 251K, 2% free 16480K/16772K, paused 3ms+1ms, total 14ms
D/dalvikvm(27028): GC_CONCURRENT freed 349K, 3% free 16541K/16928K, paused 1ms+0ms, total 10ms
I/ActivityManager(  777): Killing 25803:com.google.android.keep/u0a53 (adj 15): empty #17
D/dalvikvm( 1112): GC_CONCURRENT freed 397K, 4% free 17546K/18152K, paused 2ms+2ms, total 19ms
I/GCoreUlr( 1112): Successfully inserted location
D/dalvikvm( 1112): GC_FOR_ALLOC freed 107K, 4% free 17517K/18152K, paused 11ms, total 11ms
I/GCoreUlr( 1112): Not calling LocationReportingService, hasMoved: false, elapsed millis: 1020152, request: Phone
D/audio_hw_primary(  183): select_devices: out_snd_device(2: speaker) in_snd_device(0: )
D/dalvikvm(  777): GC_FOR_ALLOC freed 3558K, 19% free 40621K/49564K, paused 66ms, total 67ms
D/dalvikvm(  777): GC_FOR_ALLOC freed 904K, 17% free 41394K/49564K, paused 57ms, total 58ms
D/dalvikvm(  777): GC_FOR_ALLOC freed 1675K, 19% free 40557K/49564K, paused 53ms, total 53ms
I/ActivityManager(  777): START u0 {act=android.intent.action.MAIN cat=[android.intent.category.HOME] flg=0x10200000 cmp=com.google.android.googlequicksearchbox/com.google.android.launcher.GEL} from pid 777
I/GEL     ( 1027): handleIntent(Intent { act=android.intent.action.MAIN cat=[android.intent.category.HOME] flg=0x10600000 cmp=com.google.android.googlequicksearchbox/com.google.android.launcher.GEL })
V/SearchControllerCache( 1328): creating SearchController
W/IInputConnectionWrapper( 2507): showStatusIcon on inactive InputConnection
V/SearchControllerCache( 1328): disposing SearchController
D/dalvikvm( 1328): GC_CONCURRENT freed 575K, 8% free 18458K/19872K, paused 2ms+2ms, total 32ms
I/PowerManagerService(  777): Going to sleep by user request...
D/dalvikvm(  777): GC_FOR_ALLOC freed 1720K, 19% free 40575K/49564K, paused 99ms, total 99ms
D/SurfaceFlinger(  180): Screen released, type=0 flinger=0xb8b3c450
D/qdhwcomposer(  180): hwc_blank: Blanking display: 0
D/dalvikvm(  847): GC_FOR_ALLOC freed 5628K, 17% free 43048K/51656K, paused 21ms, total 24ms
V/KeyguardHostView(  847): hide transport, gen:18
V/KeyguardHostView(  847): music state changed: 0
D/qdhwcomposer(  180): hwc_blank: Done blanking display: 0
D/SurfaceControl(  777): Excessive delay in blankDisplay() while turning screen off: 270ms
D/PhoneStatusBar(  847): disable: < expand icons alerts ticker system_info BACK* HOME* RECENT* CLOCK* search >
D/YouTube (24079): apps.youtube.app.prefetch.g.onReceive:366 Received: android.intent.action.SCREEN_OFF
D/YouTube MDX(24079): Recieved intent android.intent.action.SCREEN_OFF
I/ActivityManager(  777): Start proc android.process.acore for content provider com.android.providers.contacts/.ContactsProvider2: pid=27123 uid=10003 gids={50003, 3003, 1028, 1015}
D/dalvikvm(27123): GC_CONCURRENT freed 224K, 2% free 16566K/16828K, paused 2ms+1ms, total 18ms
I/ContactLocale(27123): AddressBook Labels [ko_KR]: [, , , , , , , , , , , , , , , A, B, C, D, E, F, G, H, I, J, K, L, M, N, O, P, Q, R, S, T, U, V, W, X, Y, Z, , , , , , , , , , , , , , , , , , , , , , , , , , , , , , , , , , , , , , , , , , , , , , , , , , , , , , , , , , , , , , , , , , , , , , , , , , , , , , , , , , , , , , , , , , , , , , , , , , , , , , , , , , , , , , , , , , , , , , , , , , , , , , , , , , , , , , , , , , , , , , , , , , , , , , , , , , , , , , , , , , , , , , , #, ]
I/ActivityManager(  777): Killing 25823:com.qualcomm.timeservice/u0a70 (adj 15): empty #17
W/IdleConnectionHandler( 1451): Removing a connection that never existed!
W/IdleConnectionHandler( 1451): Removing a connection that never existed!
V/BackupManagerService(  777): Running a backup pass
V/BackupManagerService(  777): clearing pending backups
V/BackupServiceBinder(  777): doBackup() invoked
V/PerformBackupTask(  777): Beginning backup of 1 targets
D/PerformBackupTask(  777): invokeAgentForBackup on @pm@
I/PerformBackupTask(  777): no backup data written; not calling transport
D/PerformBackupTask(  777): starting agent for backup of BackupRequest{pkg=android}
V/BackupServiceBinder(  777): doBackup() invoked
D/BackupManagerService(  777): awaiting agent for ApplicationInfo{4275a1b8 android}
D/BackupManagerService(  777): agentConnected pkg=android agent=android.app.backup.BackupAgent$BackupServiceBinder@429bcba8
I/BackupManagerService(  777): got agent android.app.backup.BackupAgent$BackupServiceBinder@429bcba8
D/PerformBackupTask(  777): invokeAgentForBackup on android
D/BackupHelperDispatcher(  777): handling existing helper 'wallpaper' android.app.backup.WallpaperBackupHelper@42f3a3a8
D/dalvikvm( 1112): GC_FOR_ALLOC freed 55K, 4% free 17508K/18152K, paused 22ms, total 22ms
D/dalvikvm( 1451): GC_FOR_ALLOC freed 688K, 11% free 22954K/25620K, paused 42ms, total 43ms
D/dalvikvm( 1451): GC_FOR_ALLOC freed 119K, 11% free 23012K/25620K, paused 44ms, total 44ms
D/dalvikvm( 1451): GC_FOR_ALLOC freed 190K, 11% free 23014K/25620K, paused 35ms, total 35ms
D/dalvikvm( 1451): GC_FOR_ALLOC freed 543K, 11% free 23014K/25620K, paused 36ms, total 36ms
D/dalvikvm( 1451): GC_FOR_ALLOC freed 201K, 11% free 23041K/25620K, paused 35ms, total 35ms
I/dalvikvm-heap( 1451): Grow heap (frag case) to 22.610MB for 79030-byte allocation
D/dalvikvm( 1451): GC_FOR_ALLOC freed 0K, 11% free 23118K/25700K, paused 54ms, total 54ms
I/PerformBackupTask(  777): Backup pass finished.
D/dalvikvm( 1112): GC_FOR_ALLOC freed 97K, 4% free 17494K/18152K, paused 13ms, total 13ms
D/dalvikvm( 1451): GC_FOR_ALLOC freed 80K, 11% free 23038K/25700K, paused 44ms, total 44ms
D/dalvikvm( 1451): GC_FOR_ALLOC freed 78K, 11% free 23038K/25700K, paused 55ms, total 55ms
D/dalvikvm( 1451): GC_FOR_ALLOC freed 78K, 11% free 23077K/25700K, paused 35ms, total 35ms
D/dalvikvm(  984): GC_CONCURRENT freed 409K, 4% free 17055K/17608K, paused 7ms+1ms, total 17ms
D/dalvikvm( 1112): GC_CONCURRENT freed 364K, 4% free 17592K/18152K, paused 3ms+31ms, total 43ms
D/dalvikvm( 1112): WAIT_FOR_CONCURRENT_GC blocked 4ms
I/GCoreUlr( 1112): Successfully inserted location
D/dalvikvm( 1112): GC_FOR_ALLOC freed 118K, 4% free 17512K/18152K, paused 10ms, total 10ms
I/GCoreUlr( 1112): Not calling LocationReportingService, hasMoved: false, elapsed millis: 1080172, request: Phone
W/IdleConnectionHandler( 1451): Removing a connection that never existed!
D/GCM     ( 1159): Message class fog
D/ConnectivityService(  777): handleInetConditionHoldEnd: net=1, condition=100, published condition=100
D/dalvikvm( 1112): GC_CONCURRENT freed 419K, 4% free 17555K/18152K, paused 2ms+3ms, total 27ms
I/GCoreUlr( 1112): Successfully inserted location
D/dalvikvm( 1112): GC_FOR_ALLOC freed 95K, 4% free 17523K/18152K, paused 10ms, total 10ms
I/GCoreUlr( 1112): Not calling LocationReportingService, hasMoved: false, elapsed millis: 1140259, request: Phone
I/rmt_storage(  176): rmt_storage_connect_cb: clnt_h=0xf conn_h=0xb7c22160
I/rmt_storage(  176): rmt_storage_rw_iovec_cb: /boot/modem_fs2: clnt_h=0x2: req_h=0x13 msg_id=3: R/W request received
I/rmt_storage(  176): wakelock acquired: 1, error no: 2
I/rmt_storage(  176): rmt_storage_client_thread: /boot/modem_fs2: clnt_h=0x2 Unblock worker thread (th_id: -1212014048)
I/rmt_storage(  176): rmt_storage_client_thread: /boot/modem_fs2: clnt_h=0x2: req_h=0x13 msg_id=3: Bytes written = 1572864
I/rmt_storage(  176): rmt_storage_client_thread: /boot/modem_fs2: clnt_h=0x2: req_h=0x13 msg_id=3: Send response: res=0 err=0
I/rmt_storage(  176): rmt_storage_client_thread: /boot/modem_fs2: clnt_h=0x2 About to block rmt_storage client thread (th_id: -1212014048) wakelock released: 1, error no: 0
I/rmt_storage(  176): 
I/rmt_storage(  176): rmt_storage_disconnect_cb: clnt_h=0x0xf conn_h=0x0xb7c22160
D/dalvikvm( 1112): GC_CONCURRENT freed 415K, 4% free 17537K/18152K, paused 2ms+1ms, total 19ms
I/GCoreUlr( 1112): Successfully inserted location
D/dalvikvm( 1112): GC_FOR_ALLOC freed 107K, 4% free 17530K/18152K, paused 11ms, total 12ms
I/GCoreUlr( 1112): Not calling LocationReportingService, hasMoved: false, elapsed millis: 1200273, request: Phone
D/dalvikvm( 1112): GC_CONCURRENT freed 412K, 4% free 17547K/18152K, paused 2ms+1ms, total 19ms
I/GCoreUlr( 1112): Successfully inserted location
I/GCoreUlr( 1112): Not calling LocationReportingService, hasMoved: false, elapsed millis: 1260296, request: Phone
D/ConnectivityService(  777): Sampling interval elapsed, updating statistics ..
D/ConnectivityService(  777): Done.
D/ConnectivityService(  777): Setting timer for 720seconds
D/dalvikvm( 7083): GC_CONCURRENT freed 4808K, 21% free 31172K/39380K, paused 8ms+1ms, total 65ms
D/dalvikvm(  777): GC_EXPLICIT freed 1640K, 17% free 41530K/49564K, paused 2ms+6ms, total 81ms
D/dalvikvm( 1112): GC_CONCURRENT freed 418K, 4% free 17553K/18152K, paused 14ms+1ms, total 33ms
D/dalvikvm(24215): GC_CONCURRENT freed 393K, 3% free 16608K/17040K, paused 0ms+2ms, total 18ms
I/GCoreUlr( 1112): Successfully inserted location
I/GCoreUlr( 1112): Not calling LocationReportingService, hasMoved: false, elapsed millis: 1355172, request: Phone
W/IdleConnectionHandler( 1451): Removing a connection that never existed!
W/IdleConnectionHandler( 1451): Removing a connection that never existed!
D/dalvikvm( 1112): GC_CONCURRENT freed 389K, 4% free 17548K/18152K, paused 2ms+1ms, total 13ms
I/GCoreUlr( 1112): Successfully inserted location
I/GCoreUlr( 1112): Not calling LocationReportingService, hasMoved: false, elapsed millis: 1426309, request: Phone
I/GCM     ( 1159): GCM message GSYNC_TICKLE 0:1386138310796147%0#e7a71353318775eb
I/ProcessStatsService(  777): Prepared write state in 3ms
I/SubscribedFeeds( 1159): Received message
I/GCM     ( 1159): GCM message GSYNC_TICKLE 0:1386138311000994%0#e7a71353318775eb
I/SubscribedFeeds( 1159): Received message
I/Gmail   ( 3636): MainSyncRequestProto: lowestBkwdConvoId: 0, highestHandledServerOp: 3552197, normalSync: true
D/ConnectivityService(  777): handleInetConditionHoldEnd: net=1, condition=100, published condition=100
D/dalvikvm( 3636): GC_EXPLICIT freed 1969K, 17% free 24608K/29376K, paused 2ms+3ms, total 43ms
I/Gmail   ( 3636): MainSyncRequestProto: lowestBkwdConvoId: 0, highestHandledServerOp: 3552319, normalSync: true
D/dalvikvm( 3636): GC_EXPLICIT freed 405K, 17% free 24612K/29376K, paused 2ms+2ms, total 36ms
I/Gmail   ( 3636): MainSyncRequestProto: lowestBkwdConvoId: 0, highestHandledServerOp: 3552319, normalSync: true
I/Gmail   ( 3636): lowestBackward conversation id 0
I/Gmail   ( 3636): Sending provider changed intent: Intent { act=android.intent.action.PROVIDER_CHANGED dat=content://gmail-ls/unread/^iim (has extras) }
I/Gmail   ( 3636): Sending provider changed intent: Intent { act=android.intent.action.PROVIDER_CHANGED dat=content://gmail-ls/unread/^i (has extras) }
I/NotifUtils( 3636): Validating Notification, mapSize: 2 getAttention: true
I/NotifUtils( 3636): Showing notification with unreadCount of 4288 and unseenCount of 1
I/Gmail   ( 3636): MainSyncRequestProto: lowestBkwdConvoId: 0, highestHandledServerOp: 3552319, normalSync: true
I/NotifUtils( 3636): Account: -1178879995 vibrate: false
I/NotifUtils( 3636): New email in -1178879995 vibrateWhen: false, playing notification: content://settings/system/notification_sound
I/MediaFocusControl(  777):  AudioFocus  requestAudioFocus() from android.media.AudioManager@440e3188
D/audio_hw_primary(  183): select_devices: out_snd_device(2: speaker) in_snd_device(0: )
E/MediaPlayer(  847): Should have subtitle controller already set
E/AudioSink(  183): received unknown event type: 1 inside CallbackWrapper !
D/dalvikvm(  777): GC_EXPLICIT freed 2034K, 15% free 42216K/49564K, paused 2ms+6ms, total 68ms
V/KeyguardHostView(  847): hide transport, gen:19
D/dalvikvm( 3636): GC_EXPLICIT freed 1099K, 16% free 24701K/29376K, paused 3ms+4ms, total 47ms
I/Gmail   ( 3636): MainSyncRequestProto: lowestBkwdConvoId: 0, highestHandledServerOp: 3552319, normalSync: true
I/Gmail   ( 3636): lowestBackward conversation id 0
I/MediaFocusControl(  777):  AudioFocus  abandonAudioFocus() from android.media.AudioManager@440e3188
V/KeyguardHostView(  847): hide transport, gen:20
V/KeyguardServiceDelegate(  777): onScreenTurnedOn(showListener = com.android.internal.policy.impl.PhoneWindowManager$17@42e44f10)
I/PowerManagerService(  777): Waking up from sleep...
V/KeyguardServiceDelegate(  777): **** SHOWN CALLED ****
I/WindowManager(  777): Lock screen displayed!
D/PowerManagerService-JNI(  777): Excessive delay in setInteractive(true) while turning screen on: 88ms
D/SurfaceFlinger(  180): Screen acquired, type=0 flinger=0xb8b3c450
D/qdhwcomposer(  180): hwc_blank: Unblanking display: 0
W/Settings( 1451): Setting wifi_sleep_policy has moved from android.provider.Settings.System to android.provider.Settings.Global, returning read-only value.
W/Settings( 1382): Setting wifi_sleep_policy has moved from android.provider.Settings.System to android.provider.Settings.Global, returning read-only value.
D/qdhwcomposer(  180): hwc_blank: Done unblanking display: 0
D/SurfaceControl(  777): Excessive delay in unblankDisplay() while turning screen on: 238ms
D/dalvikvm(  984): GC_CONCURRENT freed 405K, 4% free 17055K/17608K, paused 1ms+1ms, total 18ms
D/YouTube MDX(24079): Recieved intent android.intent.action.SCREEN_ON
D/YouTube (24079): apps.youtube.app.prefetch.g.onReceive:366 Received: android.intent.action.USER_PRESENT
D/audio_hw_primary(  183): select_devices: out_snd_device(2: speaker) in_snd_device(0: )
V/SearchControllerCache( 1328): creating SearchController
W/InputMethodManagerService(  777): Window already focused, ignoring focus gain of: com.android.internal.view.IInputMethodClient$Stub$Proxy@42ff4fa8 attribute=android.view.inputmethod.EditorInfo@42fee8a8, token = android.os.BinderProxy@42ea26c0
V/QcrilMsgTunnelSocket( 2290): After reading offset = 0 remaining = 4 countRead = 4
D/QcrilMsgTunnelSocket( 2290): messageLength extracted from first 4 inputStream reads = 29
V/QcrilMsgTunnelSocket( 2290): offset = 0 remaining = 29 countRead = 0
V/QcrilMsgTunnelSocket( 2290): offset = 0 remaining = 29 countRead = 29
D/QcrilMsgTunnelSocket( 2290): readRilMessage: Buffer = [B@42595fa0 HexData = [0100000004040000110000005155414c434f4d4def0308000100000000]
V/QcrilMsgTunnelSocket( 2290): Read packet: 29 bytes. Data Available = 32 Position = 0
D/QcrilMsgTunnelSocket( 2290): processResponse. message type = 1. Data Available = 28
D/QcrilMsgTunnelSocket( 2290): ByteArray from parcel = 5155414c434f4d4def0308000100000000
D/QcrilMsgTunnelSocket( 2290): Received RIL_UNSOL_OEM_HOOK_RAW message
D/QcrilMsgTunnelSocket( 2290): Oem ID in RIL_UNSOL_OEM_HOOK_RAW is QUALCOMM
D/QcrilMsgTunnelSocket( 2290): OEM ID check Passed
D/QcrilMsgTunnelSocket( 2290): Response ID in RIL_UNSOL_OEM_HOOK_RAW is 525295
D/QcrilMsgTunnelSocket( 2290): Response ID 525295is not served in this process.
D/QcrilMsgTunnelSocket( 2290): To broadcast an Intent via the notifier to external apps
V/QcrilMsgTunnelSocket( 2290): Before reading offset = 0 remaining = 4 countRead = 0
D/QcrilMsgTunnelIfaceManager( 2290): handleMessage what=0
D/QcrilMsgTunnelIfaceManager( 2290): Broadcasting intent ACTION_UNSOL_RESPONSE_OEM_HOOK_RAW
V/SearchControllerCache( 1328): disposing SearchController
D/PhoneStatusBar(  847): disable: < expand icons alerts ticker system_info back* home* recent* clock* search >
V/PanelView(  847): animationTick called with dtms=0; nothing to do (h=265.0 v=1520.4038)
V/PanelView(  847): animationTick called with dtms=-4; nothing to do (h=265.0 v=1520.4038)
D/dalvikvm( 1112): GC_CONCURRENT freed 427K, 4% free 17555K/18152K, paused 3ms+3ms, total 34ms
D/dalvikvm( 1112): GC_CONCURRENT freed 409K, 4% free 17559K/18152K, paused 2ms+1ms, total 15ms
I/GCoreUlr( 1112): Successfully inserted location
I/GCoreUlr( 1112): Not calling LocationReportingService, hasMoved: false, elapsed millis: 1486244, request: Phone
W/ProcessCpuTracker(  777): Skipping unknown process pid 27415
W/ProcessCpuTracker(  777): Skipping unknown process pid 27418
I/GCM     ( 1159): GCM message GSYNC_TICKLE 0:1386138338257943%0#e7a71353318775eb
I/SubscribedFeeds( 1159): Received message
I/Gmail   ( 3636): MainSyncRequestProto: lowestBkwdConvoId: 0, highestHandledServerOp: 3552319, normalSync: true
D/dalvikvm( 1159): GC_CONCURRENT freed 405K, 3% free 17161K/17668K, paused 1ms+1ms, total 29ms
D/ConnectivityService(  777): handleInetConditionHoldEnd: net=1, condition=100, published condition=100
D/dalvikvm( 3636): GC_EXPLICIT freed 1448K, 17% free 24641K/29376K, paused 1ms+11ms, total 55ms
I/Gmail   ( 3636): MainSyncRequestProto: lowestBkwdConvoId: 0, highestHandledServerOp: 3552392, normalSync: true
D/dalvikvm( 3636): GC_EXPLICIT freed 467K, 17% free 24609K/29376K, paused 1ms+2ms, total 34ms
I/Gmail   ( 3636): MainSyncRequestProto: lowestBkwdConvoId: 0, highestHandledServerOp: 3552392, normalSync: true
I/Gmail   ( 3636): lowestBackward conversation id 0
D/dalvikvm( 2201): GC_CONCURRENT freed 1017K, 8% free 16984K/18356K, paused 1ms+2ms, total 14ms
I/Gmail   ( 3636): Sending provider changed intent: Intent { act=android.intent.action.PROVIDER_CHANGED dat=content://gmail-ls/unread/^i (has extras) }
I/NotifUtils( 3636): Validating Notification, mapSize: 2 getAttention: true
I/NotifUtils( 3636): Showing notification with unreadCount of 4289 and unseenCount of 2
I/NotifUtils( 3636): Account: -1178879995 vibrate: false
I/NotifUtils( 3636): New email in -1178879995 vibrateWhen: false, playing notification: content://settings/system/notification_sound
I/ActivityManager(  777): START u0 {act=android.intent.action.MAIN cat=[android.intent.category.LAUNCHER] flg=0x10008000 cmp=com.android.settings/.DevelopmentSettings bnds=[0,940][1080,1132]} from pid -1
W/KeyguardViewMediator(  847): verifyUnlock called when not externally disabled
V/KeyguardServiceDelegate(  777): **** onKeyguardExitResult(false) CALLED ****
W/Binder  (  847): Caught a RuntimeException from the binder stub implementation.
W/Binder  (  847): java.lang.NullPointerException
W/Binder  (  847): 	at android.app.KeyguardManager$1.onKeyguardExitResult(KeyguardManager.java:208)
W/Binder  (  847): 	at android.view.IOnKeyguardExitResult$Stub.onTransact(IOnKeyguardExitResult.java:51)
W/Binder  (  847): 	at android.os.Binder.execTransact(Binder.java:404)
W/Binder  (  847): 	at dalvik.system.NativeStart.run(Native Method)
D/audio_hw_primary(  183): select_devices: out_snd_device(2: speaker) in_snd_device(0: )
V/PanelView(  847): animationTick called with dtms=0; nothing to do (h=1776.0 v=-6000.0)
I/ActivityManager(  777): Start proc com.android.settings for activity com.android.settings/.DevelopmentSettings: pid=27545 uid=1000 gids={41000, 1028, 1015, 3002, 3001, 3003}
D/dalvikvm(  181): GC_EXPLICIT freed 41K, 1% free 16339K/16420K, paused 1ms+1ms, total 14ms
D/dalvikvm(  181): GC_EXPLICIT freed <1K, 1% free 16339K/16420K, paused 1ms+2ms, total 12ms
D/dalvikvm(  181): GC_EXPLICIT freed <1K, 1% free 16339K/16420K, paused 1ms+1ms, total 11ms
D/dalvikvm(27545): GC_CONCURRENT freed 257K, 2% free 16573K/16868K, paused 2ms+2ms, total 17ms
D/dalvikvm(27545): GC_CONCURRENT freed 67K, 1% free 16906K/17024K, paused 1ms+1ms, total 13ms
W/Settings(27545): Setting bugreport_in_power_menu has moved from android.provider.Settings.Secure to android.provider.Settings.Global.
D/PermissionCache(  180): checking android.permission.HARDWARE_TEST for uid=1000 => granted (144 us)
E/Cryptfs (  175): not running with encryption, aborting
I/Adreno-EGL(27545): <qeglDrvAPI_eglInitialize:320>: EGL 1.4 QUALCOMM build:  (CL3776187)
I/Adreno-EGL(27545): OpenGL ES Shader Compiler Version: 
I/Adreno-EGL(27545): Build Date: 10/15/13 Tue
I/Adreno-EGL(27545): Local Branch: 
I/Adreno-EGL(27545): Remote Branch: partner/upstream
I/Adreno-EGL(27545): Local Patches: 
I/Adreno-EGL(27545): Reconstruct Branch: 
D/OpenGLRenderer(27545): Enabling debug mode 0
D/BackupManagerService(  777): Now staging backup of android
D/dalvikvm(27545): GC_CONCURRENT freed 46K, 1% free 17373K/17456K, paused 2ms+1ms, total 11ms
D/dalvikvm(27545): WAIT_FOR_CONCURRENT_GC blocked 5ms
D/dalvikvm(27545): WAIT_FOR_CONCURRENT_GC blocked 4ms
D/dalvikvm(27545): WAIT_FOR_CONCURRENT_GC blocked 2ms
I/ActivityManager(  777): Displayed com.android.settings/.DevelopmentSettings: +560ms
D/dalvikvm(27545): GC_CONCURRENT freed 210K, 2% free 17562K/17812K, paused 3ms+2ms, total 18ms
D/dalvikvm( 8278): Debugger has detached; object registry had 1 entries
I/ActivityManager(  777): Start proc com.google.android.gallery3d for broadcast com.google.android.gallery3d/com.google.android.picasasync.BatteryReceiver: pid=27593 uid=10040 gids={50040, 3003, 1028, 1015}
D/dalvikvm(27593): GC_CONCURRENT freed 310K, 3% free 16541K/16888K, paused 3ms+2ms, total 22ms
D/dalvikvm(27593): WAIT_FOR_CONCURRENT_GC blocked 12ms
D/dalvikvm(27593): WAIT_FOR_CONCURRENT_GC blocked 14ms
D/dalvikvm(  777): GC_EXPLICIT freed 4226K, 18% free 41039K/49564K, paused 2ms+5ms, total 75ms
I/ActivityManager(  777): Start proc com.google.android.apps.uploader for broadcast com.google.android.apps.uploader/com.google.android.picasasync.BatteryReceiver: pid=27611 uid=10060 gids={50060, 3003, 1028, 1015}
I/ActivityManager(  777): Killing 25838:com.amazon.mShop.android/u0a130 (adj 15): empty #17
D/UploadsManager(27593):    wifiOnlyPhoto changed to true
D/UploadsManager(27593):    wifiOnlyVideo changed to true
D/UploadsManager(27593):    syncOnBattery changed to true
D/PicasaSync(27593): sync account database
D/PicasaSync(27593): accounts in DB=2
D/PicasaSyncManager(27593): active network: NetworkInfo: type: WIFI[], state: CONNECTED/CONNECTED, reason: (unspecified), extra: "netlab", roaming: false, failover: false, isAvailable: true, isConnectedToProvisioningNetwork: false
D/PicasaSyncManager(27593): background data: true
I/ActivityManager(  777): Killing 23802:com.android.providers.calendar/u0a1 (adj 15): empty #17
D/PicasaUploader(27611):    wifiOnlyPhoto changed to true
D/PicasaUploader(27611):    wifiOnlyVideo changed to true
D/PicasaUploader(27611):    syncOnBattery changed to true
D/PicasaUploaderSync(27611): sync account database
D/PicasaSyncManager(27593): battery info: false
D/PicasaUploaderSync(27611): accounts in DB=2
D/PicasaUploaderSyncManager(27611): active network: NetworkInfo: type: WIFI[], state: CONNECTED/CONNECTED, reason: (unspecified), extra: "netlab", roaming: false, failover: false, isAvailable: true, isConnectedToProvisioningNetwork: false
D/PicasaUploaderSyncManager(27611): background data: true
D/PicasaUploaderSyncManager(27611): battery info: false
I/ActivityManager(  777): Killing 26026:com.google.android.email/u0a38 (adj 15): empty #17
I/EntropyMixer(  777): Writing entropy...
D/PicasaSyncManager(27593): battery info: true
D/PicasaUploaderSyncManager(27611): battery info: true
D/YouTube (24079): apps.youtube.app.prefetch.PrefetchService$DeviceStateReceiver.onReceive:565 Got device state change intent: android.intent.action.ACTION_POWER_CONNECTED
D/YouTube (24079): apps.youtube.app.prefetch.PrefetchService.onStartCommand:167 PrefetchService started at 4 Dec 2013 06:25:49 GMT
D/YouTube (24079): apps.youtube.app.prefetch.PrefetchService.p_:245 Download snapshot restored
D/YouTube (24079): apps.youtube.app.prefetch.PrefetchService.onDestroy:215 PrefetchService destroyed at 4 Dec 2013 06:25:49 GMT
D/dalvikvm(24079): GC_CONCURRENT freed 423K, 3% free 17254K/17784K, paused 2ms+1ms, total 39ms
D/MtpService( 5190): updating state; isCurrentUser=true, mMtpLocked=false
D/MtpService( 5190): addStorageLocked 65537 /storage/emulated/0
D/MtpService( 5190): updating state; isCurrentUser=true, mMtpLocked=false
D/MtpService( 5190): starting MTP server in MTP mode
D/MtpService( 5190): addStorageLocked 65537 /storage/emulated/0
W/GAV2    (27593): Thread[GAThread,5,main]: Service unavailable (code=1), will retry.
W/ActivityManager(  777): Unable to start service Intent { act=com.google.android.gms.analytics.service.START cmp=com.google.android.gms/.analytics.service.AnalyticsService (has extras) } U=0: not found
I/GAV2    (27593): Thread[GAThread,5,main]: No campaign data found.
D/dalvikvm(27593): GC_CONCURRENT freed 203K, 2% free 16736K/16980K, paused 1ms+2ms, total 16ms
D/AndroidRuntime(27672): 
D/AndroidRuntime(27672): >>>>>> AndroidRuntime START com.android.internal.os.RuntimeInit <<<<<<
D/AndroidRuntime(27672): CheckJNI is OFF
D/dalvikvm(27672): Trying to load lib libjavacore.so 0x0
D/dalvikvm(27672): Added shared lib libjavacore.so 0x0
D/dalvikvm(27672): Trying to load lib libnativehelper.so 0x0
D/dalvikvm(27672): Added shared lib libnativehelper.so 0x0
D/dalvikvm(27672): No JNI_OnLoad found in libnativehelper.so 0x0, skipping init
D/dalvikvm(27672): Note: class Landroid/app/ActivityManagerNative; has 179 unimplemented (abstract) methods
D/AndroidRuntime(27672): Calling main entry com.android.commands.pm.Pm
I/ActivityManager(  777): Start proc com.android.defcontainer for service com.android.defcontainer/.DefaultContainerService: pid=27689 uid=10004 gids={50004, 1028, 1015, 1023, 2001, 1035}
W/ActivityManager(  777): No content provider found for permission revoke: file:///data/local/tmp/com.haneul.bitcurrency
D/Finsky  ( 5105): [1] PackageVerificationReceiver.onReceive: Verification requested, id = 1
D/Finsky  ( 5105): [1] WorkerTask.onPreExecute: Verification Requested for id = 1, data=file:///data/local/tmp/com.haneul.bitcurrency flags=114 fromVerificationActivity=false
W/GAV2    (27593): Thread[Service Reconnect,5,main]: Service unavailable (code=1), using local store.
W/ActivityManager(  777): Unable to start service Intent { act=com.google.android.gms.analytics.service.START cmp=com.google.android.gms/.analytics.service.AnalyticsService (has extras) } U=0: not found
I/ActivityManager(  777): START u0 {act=android.intent.action.MAIN cat=[android.intent.category.HOME] flg=0x10200000 cmp=com.google.android.googlequicksearchbox/com.google.android.launcher.GEL} from pid 777
D/audio_hw_primary(  183): select_devices: out_snd_device(2: speaker) in_snd_device(0: )
D/dalvikvm(  777): GC_FOR_ALLOC freed 2249K, 18% free 40815K/49564K, paused 70ms, total 71ms
I/GEL     ( 1027): handleIntent(Intent { act=android.intent.action.MAIN cat=[android.intent.category.HOME] flg=0x10600000 cmp=com.google.android.googlequicksearchbox/com.google.android.launcher.GEL })
V/SearchControllerCache( 1328): creating SearchController
W/InputMethodManagerService(  777): Starting input on non-focused client com.android.internal.view.IInputMethodClient$Stub$Proxy@4344ce50 (uid=1000 pid=27545)
V/SearchControllerCache( 1328): disposing SearchController
D/dalvikvm( 1328): GC_CONCURRENT freed 630K, 8% free 18452K/19872K, paused 3ms+2ms, total 21ms
D/Volley  ( 5105): [294] BasicNetwork.logSlowRequests: HTTP response for request=<[ ] https://safebrowsing.google.com/safebrowsing/clientreport/download 0xc9395b26 NORMAL 87> [lifetime=5338], [size=2], [rc=200], [retryCount=0]
D/Finsky  ( 5105): [1] 2.onResponse: Verification id=1 response=0
D/Volley  ( 5105): [1] Request.finish: 5342 ms: [ ] https://safebrowsing.google.com/safebrowsing/clientreport/download 0xc9395b26 NORMAL 87
D/Finsky  ( 5105): [1] PackageVerificationReceiver.onReceive: Verification requested, id = 1
W/ActivityManager(  777): No content provider found for permission revoke: file:///data/local/tmp/com.haneul.bitcurrency
I/PackageManager(  777): Copying native libraries to /data/app-lib/vmdl1039738458
I/ActivityManager(  777): Force stopping com.haneul.bitcurrency appid=10136 user=-1: uninstall pkg
I/ActivityManager(  777): Killing 8278:com.haneul.bitcurrency/u0a136 (adj 9): stop com.haneul.bitcurrency
I/ActivityManager(  777):   Force finishing activity ActivityRecord{42e9be88 u0 com.haneul.bitcurrency/.MainActivity t8}
I/WindowState(  777): WIN DEATH: Window{42ce6450 u0 com.haneul.bitcurrency/com.haneul.bitcurrency.MainActivity}
I/PackageManager(  777): Running dexopt on: com.haneul.bitcurrency
I/PackageManager(  777): Package com.haneul.bitcurrency codePath changed from /data/app/com.haneul.bitcurrency-2.apk to /data/app/com.haneul.bitcurrency-1.apk; Retaining data and using new
D/dalvikvm(27747): DexOpt: load 45ms, verify+opt 317ms, 1424180 bytes
W/PackageManager(  777): Code path for pkg : com.haneul.bitcurrency changing from /data/app/com.haneul.bitcurrency-2.apk to /data/app/com.haneul.bitcurrency-1.apk
I/ActivityManager(  777): Force stopping com.haneul.bitcurrency appid=10136 user=-1: update pkg
W/PackageManager(  777): Resource path for pkg : com.haneul.bitcurrency changing from /data/app/com.haneul.bitcurrency-2.apk to /data/app/com.haneul.bitcurrency-1.apk
I/ActivityManager(  777): Force stopping com.haneul.bitcurrency appid=10136 user=0: pkg removed
D/dalvikvm( 1027): GC_EXPLICIT freed 8146K, 14% free 59695K/68640K, paused 2ms+4ms, total 52ms
D/dalvikvm(  847): GC_EXPLICIT freed 5116K, 19% free 42223K/51656K, paused 1ms+4ms, total 29ms
D/dalvikvm( 5105): GC_EXPLICIT freed 3491K, 18% free 33704K/41004K, paused 1ms+4ms, total 70ms
I/InputReader(  777): Reconfiguring input devices.  changes=0x00000010
I/ActivityManager(  777): Start proc com.shinhan.sbanking for broadcast com.shinhan.sbanking/com.gaia.firewall.android.DacDlpStartupReceiver: pid=27748 uid=10123 gids={50123, 3003, 1028, 1015}
I/dalvikvm(27748): Enabling JNI app bug workarounds for target SDK version 8...
I/InputReader(  777): Reconfiguring input devices.  changes=0x00000010
D/dalvikvm( 1010): GC_CONCURRENT freed 541K, 4% free 16846K/17420K, paused 1ms+1ms, total 10ms
D/dalvikvm( 1010): WAIT_FOR_CONCURRENT_GC blocked 6ms
D/BackupManagerService(  777): Now staging backup of com.google.android.googlequicksearchbox
I/MOBIKIT (27748): get received broad action: intent.getAction()=android.intent.action.PACKAGE_REMOVED
I/MOBIKIT (27748): The service is creating
I/ActivityManager(  777): Start proc com.android.musicfx for broadcast com.android.musicfx/.Compatibility$Receiver: pid=27775 uid=10013 gids={50013, 3003, 3002}
D/EXT_FIREWALL(27748): created AppConfig
I/EXT_FIREWALL(27748): Configuration loaded
I/EXT_FIREWALL(27748): service listener started: serviceFullName=Dd
D/EXT_FIREWALL(27748): test ctx=android.app.ContextImpl@42595430
D/EXT_FIREWALL(27748): getDbFile=/data/data/com.shinhan.sbanking/databases/mobikit_db
D/EXT_FIREWALL(27748): lastVersion=1, updateVer=1
I/EXT_FIREWALL(27748): The service is initialising...
D/EXT_FIREWALL(27748): Build.MANUFACTURER=LGE
I/EXT_FIREWALL(27748): Logcat monitor will not start
I/EXT_FIREWALL(27748): load app cache list
D/EXT_FIREWALL(27748): test ctx=com.gaia.firewall.android.BaseService@42594eb8
D/EXT_FIREWALL(27748): getDbFile=/data/data/com.shinhan.sbanking/databases/mobikit_db
D/EXT_FIREWALL(27748): try to open db: /data/data/com.shinhan.sbanking/databases/mobikit_db: is exists? =true
D/dalvikvm(  777): GC_EXPLICIT freed 3788K, 17% free 41280K/49564K, paused 9ms+24ms, total 165ms
I/ActivityManager(  777): Start proc com.android.keychain for broadcast com.android.keychain/.KeyChainBroadcastReceiver: pid=27790 uid=1000 gids={41000, 1028, 1015, 3002, 3001, 3003}
D/EXT_FIREWALL(27748): AppDao loadapp=Sound Search for Google Play, pkg=com.google.android.ears
D/EXT_FIREWALL(27748): AppDao loadapp=com.qualcomm.timeservice, pkg=com.qualcomm.timeservice
D/EXT_FIREWALL(27748): AppDao loadapp=Package Access Helper, pkg=com.android.defcontainer
D/EXT_FIREWALL(27748): AppDao loadapp=Exchange Services, pkg=com.google.android.exchange
D/EXT_FIREWALL(27748): AppDao loadapp=Contacts, pkg=com.android.contacts
D/EXT_FIREWALL(27748): AppDao loadapp=com.android.providers.partnerbookmarks, pkg=com.android.providers.partnerbookmarks
D/EXT_FIREWALL(27748): AppDao loadapp=Sun Beam, pkg=com.android.phasebeamorange
D/EXT_FIREWALL(27748): AppDao loadapp=Phone, pkg=com.android.phone
D/BackupManagerService(  777): Received broadcast Intent { act=android.intent.action.PACKAGE_REMOVED dat=package:com.haneul.bitcurrency flg=0x4000010 (has extras) }
D/EXT_FIREWALL(27748): AppDao loadapp=LINE, pkg=jp.naver.line.android
D/EXT_FIREWALL(27748): AppDao loadapp=Calculator, pkg=com.android.calculator2
D/EXT_FIREWALL(27748): AppDao loadapp=, pkg=com.tmon
D/EXT_FIREWALL(27748): AppDao loadapp=Wallet, pkg=com.google.android.apps.walletnfcrel
D/EXT_FIREWALL(27748): AppDao loadapp=M-Stock Smart, pkg=com.miraeasset.mstock
D/EXT_FIREWALL(27748): AppDao loadapp=HTML Viewer, pkg=com.android.htmlviewer
D/EXT_FIREWALL(27748): AppDao loadapp= , pkg=com.hotdog.tinybattle
D/EXT_FIREWALL(27748): AppDao loadapp=AirDroid, pkg=com.sand.airdroid
D/EXT_FIREWALL(27748): AppDao loadapp=Google Account Manager, pkg=com.google.android.gsf.login
D/EXT_FIREWALL(27748): AppDao loadapp=Cell Broadcasts, pkg=com.android.cellbroadcastreceiver
D/EXT_FIREWALL(27748): AppDao loadapp=Calendar Storage, pkg=com.android.providers.calendar
D/EXT_FIREWALL(27748): AppDao loadapp=Bluetooth Share, pkg=com.android.bluetooth
D/EXT_FIREWALL(27748): AppDao loadapp=LinkedIn, pkg=com.linkedin.android
D/EXT_FIREWALL(27748): AppDao loadapp=Email, pkg=com.google.android.email
D/EXT_FIREWALL(27748): AppDao loadapp=BofA, pkg=com.infonow.bofa
D/EXT_FIREWALL(27748): AppDao loadapp=One Time Init, pkg=com.android.onetimeinitializer
D/EXT_FIREWALL(27748): AppDao loadapp=Foursquare, pkg=com.joelapenna.foursquared
D/EXT_FIREWALL(27748): AppDao loadapp=, pkg=com.nhn.android.wingspoon
D/EXT_FIREWALL(27748): AppDao loadapp=Downloads, pkg=com.android.providers.downloads.ui
D/EXT_FIREWALL(27748): AppDao loadapp=Documents, pkg=com.android.documentsui
D/EXT_FIREWALL(27748): AppDao loadapp=com.android.sharedstoragebackup, pkg=com.android.sharedstoragebackup
D/EXT_FIREWALL(27748): AppDao loadapp=VpnDialogs, pkg=com.android.vpndialogs
D/EXT_FIREWALL(27748): AppDao loadapp=Media Storage, pkg=com.android.providers.media
D/EXT_FIREWALL(27748): AppDao loadapp=TalkBack, pkg=com.google.android.marvin.talkback
D/EXT_FIREWALL(27748): AppDao loadapp=Certificate Installer, pkg=com.android.certinstaller
D/EXT_FIREWALL(27748): AppDao loadapp=iWnnIME Keyboard (White), pkg=jp.co.omronsoft.iwnnime.ml.kbd.white
D/EXT_FIREWALL(27748): AppDao loadapp=gStrings, pkg=org.cohortor.gstrings
D/EXT_FIREWALL(27748): AppDao loadapp=Clock, pkg=com.google.android.deskclock
D/EXT_FIREWALL(27748): AppDao loadapp=Google Play services, pkg=com.google.android.gms
D/EXT_FIREWALL(27748): AppDao loadapp=m.UW, pkg=com.blackboard.android.central.uwash
D/EXT_FIREWALL(27748): AppDao loadapp=Setup Wizard, pkg=com.google.android.setupwizard
D/AndroidRuntime(27672): Shutting down VM
D/EXT_FIREWALL(27748): AppDao loadapp=Settings, pkg=com.android.settings
D/EXT_FIREWALL(27748): AppDao loadapp=Update Device, pkg=com.redbend.vdmc
E/AppsCustomizePagedView( 1027): Widget ComponentInfo{com.nhn.android.search/com.nhn.android.search.ui.widget.Search5x1WidgetProvider} can not fit on this device (1104, 120)
D/EXT_FIREWALL(27748): AppDao loadapp=Flashlight, pkg=com.devuni.flashlight
D/EXT_FIREWALL(27748): AppDao loadapp=Street View, pkg=com.google.android.street
D/EXT_FIREWALL(27748): AppDao loadapp=Dragon Flight, pkg=com.NextFloor.DragonFlightKakao
D/EXT_FIREWALL(27748): AppDao loadapp=News & Weather, pkg=com.google.android.apps.genie.geniewidget
D/EXT_FIREWALL(27748): AppDao loadapp=HP Print Service Plugin, pkg=com.hp.android.printservice
D/EXT_FIREWALL(27748): AppDao loadapp=Google Search, pkg=com.google.android.googlequicksearchbox
D/EXT_FIREWALL(27748): AppDao loadapp=Facebook, pkg=com.facebook.katana
D/EXT_FIREWALL(27748): AppDao loadapp=Google Play Music, pkg=com.google.android.music
D/EXT_FIREWALL(27748): AppDao loadapp=Google Hindi Input, pkg=com.google.android.apps.inputmethod.hindi
D/EXT_FIREWALL(27748): AppDao loadapp=Live Wallpaper Picker, pkg=com.android.wallpaper.livepicker
D/EXT_FIREWALL(27748): AppDao loadapp=, pkg=com.wemakeprice
D/EXT_FIREWALL(27748): AppDao loadapp=Google Keyboard, pkg=com.google.android.inputmethod.latin
D/jdwp    (27672): Got wake-up signal, bailing out of select
D/EXT_FIREWALL(27748): AppDao loadapp=Package installer, pkg=com.android.packageinstaller
D/EXT_FIREWALL(27748): AppDao loadapp=Google Text-to-speech Engine, pkg=com.google.android.tts
D/dalvikvm(27672): Debugger has detached; object registry had 1 entries
D/EXT_FIREWALL(27748): AppDao loadapp=Phone/Messaging Storage, pkg=com.android.providers.telephony
D/EXT_FIREWALL(27748): AppDao loadapp=Anipang, pkg=com.sundaytoz.mobile.anipang.google.service
D/EXT_FIREWALL(27748): AppDao loadapp=Maps, pkg=com.google.android.apps.maps
D/EXT_FIREWALL(27748): AppDao loadapp=Cloud Print, pkg=com.google.android.apps.cloudprint
D/EXT_FIREWALL(27748): AppDao loadapp=com.android.backupconfirm, pkg=com.android.backupconfirm
D/EXT_FIREWALL(27748): AppDao loadapp=Fused Location, pkg=com.android.location.fused
D/EXT_FIREWALL(27748): AppDao loadapp=com.android.wallpapercropper, pkg=com.android.wallpapercropper
E/AppsCustomizePagedView( 1027): Widget ComponentInfo{com.nhn.android.search/com.nhn.android.search.ui.widget.SearchKeyword5x1WidgetProvider} can not fit on this device (1104, 120)
D/EXT_FIREWALL(27748): AppDao loadapp=Settings Storage, pkg=com.android.providers.settings
D/EXT_FIREWALL(27748): AppDao loadapp=  , pkg=com.nhn.android.naverplayer
D/EXT_FIREWALL(27748): AppDao loadapp=iWnn IME, pkg=jp.co.omronsoft.iwnnime.ml
D/EXT_FIREWALL(27748): AppDao loadapp=LINE camera, pkg=jp.naver.linecamera.android
D/EXT_FIREWALL(27748): AppDao loadapp=Launcher, pkg=com.google.android.launcher
D/EXT_FIREWALL(27748): AppDao loadapp=Drive, pkg=com.google.android.apps.docs
D/EXT_FIREWALL(27748): AppDao loadapp=com.qualcomm.qcrilmsgtunnel, pkg=com.qualcomm.qcrilmsgtunnel
D/EXT_FIREWALL(27748): AppDao loadapp=Download Manager, pkg=com.android.providers.downloads
D/EXT_FIREWALL(27748): AppDao loadapp=com.android.browser.provider, pkg=com.android.browser.provider
D/EXT_FIREWALL(27748): AppDao loadapp=Chase, pkg=com.chase.sig.android
D/EXT_FIREWALL(27748): AppDao loadapp=MusicFX, pkg=com.android.musicfx
E/AppsCustomizePagedView( 1027): Widget ComponentInfo{com.nhn.android.search/com.nhn.android.search.ui.widget.SearchPweExtend5x2WidgetProvider} can not fit on this device (1104, 330)
D/EXT_FIREWALL(27748): AppDao loadapp=Google Play Books, pkg=com.google.android.apps.books
D/EXT_FIREWALL(27748): AppDao loadapp=Google Voice, pkg=com.google.android.apps.googlevoice
D/EXT_FIREWALL(27748): AppDao loadapp=Carat, pkg=edu.berkeley.cs.amplab.carat.android
D/EXT_FIREWALL(27748): AppDao loadapp=, pkg=com.coupang.mobile
D/EXT_FIREWALL(27748): AppDao loadapp=KakaoTalk, pkg=com.kakao.talk
D/EXT_FIREWALL(27748): AppDao loadapp=Google Play Movies & TV, pkg=com.google.android.videos
D/EXT_FIREWALL(27748): AppDao loadapp=com.lge.update, pkg=com.lge.update
D/EXT_FIREWALL(27748): AppDao loadapp=Pano Tuner, pkg=com.soundlim.panotuner
D/EXT_FIREWALL(27748): AppDao loadapp=Google Pinyin, pkg=com.google.android.inputmethod.pinyin
D/EXT_FIREWALL(27748): AppDao loadapp=droid VNC server, pkg=org.onaips.vnc
D/EXT_FIREWALL(27748): AppDao loadapp=Google One Time Init, pkg=com.google.android.onetimeinitializer
D/EXT_FIREWALL(27748): AppDao loadapp=Gallery, pkg=com.google.android.gallery3d
D/EXT_FIREWALL(27748): AppDao loadapp=Smart , pkg=com.shinhancard.smartshinhan
D/EXT_FIREWALL(27748): AppDao loadapp=Google Partner Setup, pkg=com.google.android.partnersetup
D/EXT_FIREWALL(27748): AppDao loadapp=JOARA, pkg=com.joara.mobile
D/EXT_FIREWALL(27748): AppDao loadapp=ProxyHandler, pkg=com.android.proxyhandler
D/EXT_FIREWALL(27748): AppDao loadapp=Input Devices, pkg=com.android.inputdevices
D/EXT_FIREWALL(27748): AppDao loadapp=feedly, pkg=com.devhd.feedly
D/EXT_FIREWALL(27748): AppDao loadapp=Market Feedback Agent, pkg=com.google.android.feedback
D/EXT_FIREWALL(27748): AppDao loadapp=Lync 2010, pkg=com.microsoft.office.lync
D/EXT_FIREWALL(27748): AppDao loadapp=Hangouts, pkg=com.google.android.talk
D/EXT_FIREWALL(27748): AppDao loadapp=Nfc Service, pkg=com.android.nfc
D/EXT_FIREWALL(27748): AppDao loadapp=WhatsApp, pkg=com.whatsapp
D/EXT_FIREWALL(27748): AppDao loadapp=SIM Toolkit, pkg=com.android.stk
D/EXT_FIREWALL(27748): AppDao loadapp=com.qualcomm.shutdownlistner, pkg=com.qualcomm.shutdownlistner
D/EXT_FIREWALL(27748): AppDao loadapp=Fancy, pkg=com.thefancy.app
D/EXT_FIREWALL(27748): AppDao loadapp=User Dictionary, pkg=com.android.providers.userdictionary
D/EXT_FIREWALL(27748): AppDao loadapp=ConfigUpdater, pkg=com.google.android.configupdater
D/EXT_FIREWALL(27748): AppDao loadapp=Google Korean keyboard, pkg=com.google.android.inputmethod.korean
E/AppsCustomizePagedView( 1027): Widget ComponentInfo{com.nhn.android.search/com.nhn.android.search.ui.widget.SearchExtend5x2WidgetProvider} can not fit on this device (1104, 330)
D/EXT_FIREWALL(27748): AppDao loadapp=SomNote, pkg=com.somcloud.somnote
D/EXT_FIREWALL(27748): AppDao loadapp=JuiceSSH, pkg=com.sonelli.juicessh
D/EXT_FIREWALL(27748): AppDao loadapp=Twitter, pkg=com.twitter.android
E/AppsCustomizePagedView( 1027): Widget ComponentInfo{com.nhn.android.search/com.nhn.android.search.ui.widget.SearchShortcut5x5WidgetProvider} can not fit on this device (1104, 1104)
D/EXT_FIREWALL(27748): AppDao loadapp=KakaoStory, pkg=com.kakao.story
D/EXT_FIREWALL(27748): AppDao loadapp=PacProcessor, pkg=com.android.pacprocessor
D/EXT_FIREWALL(27748): AppDao loadapp=Spanish, pkg=com.babbel.mobile.android.es
D/EXT_FIREWALL(27748): AppDao loadapp=Skype, pkg=com.skype.raider
D/EXT_FIREWALL(27748): AppDao loadapp=Google Dialer, pkg=com.google.android.dialer
D/EXT_FIREWALL(27748): AppDao loadapp=Viber, pkg=com.viber.voip
D/EXT_FIREWALL(27748): AppDao loadapp=Messenger, pkg=com.facebook.orca
D/EXT_FIREWALL(27748): AppDao loadapp=Quickoffice, pkg=com.quickoffice.android
D/EXT_FIREWALL(27748): AppDao loadapp=LINE Birzzle, pkg=jp.naver.sklinebirzzle
D/EXT_FIREWALL(27748): AppDao loadapp=OneBusAway, pkg=com.joulespersecond.seattlebusbot
D/EXT_FIREWALL(27748): AppDao loadapp=Keep, pkg=com.google.android.keep
D/EXT_FIREWALL(27748): AppDao loadapp=Print Spooler, pkg=com.android.printspooler
D/EXT_FIREWALL(27748): AppDao loadapp=Android System, pkg=android
D/EXT_FIREWALL(27748): AppDao loadapp=, pkg=kr.co.madsmart.gureum
D/EXT_FIREWALL(27748): AppDao loadapp=Contacts Storage, pkg=com.android.providers.contacts
D/EXT_FIREWALL(27748): AppDao loadapp=External Storage, pkg=com.android.externalstorage
D/EXT_FIREWALL(27748): AppDao loadapp=Picasa Uploader, pkg=com.google.android.apps.uploader
D/EXT_FIREWALL(27748): AppDao loadapp=Translate, pkg=com.google.android.apps.translate
D/EXT_FIREWALL(27748): AppDao loadapp=Basic Daydreams, pkg=com.android.dreams.basic
D/EXT_FIREWALL(27748): AppDao loadapp=Ingress, pkg=com.nianticproject.ingress
D/EXT_FIREWALL(27748): AppDao loadapp=, pkg=com.linktomorrow.candypang
D/EXT_FIREWALL(27748): AppDao loadapp=Google Reader, pkg=com.google.android.apps.reader
D/EXT_FIREWALL(27748): AppDao loadapp=Google+, pkg=com.google.android.apps.plus
D/EXT_FIREWALL(27748): AppDao loadapp=Google Play Store, pkg=com.android.vending
D/EXT_FIREWALL(27748): AppDao loadapp=Google Play Games, pkg=com.google.android.play.games
D/EXT_FIREWALL(27748): AppDao loadapp=System UI, pkg=com.android.systemui
D/EXT_FIREWALL(27748): AppDao loadapp=Key Chain, pkg=com.android.keychain
D/EXT_FIREWALL(27748): AppDao loadapp=Firefox Beta, pkg=org.mozilla.firefox_beta
D/EXT_FIREWALL(27748): AppDao loadapp=Gmail, pkg=com.google.android.gm
D/EXT_FIREWALL(27748): AppDao loadapp=Tags, pkg=com.google.android.tag
D/EXT_FIREWALL(27748): AppDao loadapp=NAVER, pkg=com.nhn.android.search
D/EXT_FIREWALL(27748): AppDao loadapp=Camera, pkg=com.google.android.GoogleCamera
D/EXT_FIREWALL(27748): AppDao loadapp=Google Play Magazines, pkg=com.google.android.apps.magazines
D/EXT_FIREWALL(27748): AppDao loadapp=YouTube, pkg=com.google.android.youtube
D/EXT_FIREWALL(27748): AppDao loadapp=Earth, pkg=com.google.earth
D/EXT_FIREWALL(27748): AppDao loadapp=Google Services Framework, pkg=com.google.android.gsf
D/EXT_FIREWALL(27748): AppDao loadapp=com.android.keyguard, pkg=com.android.keyguard
D/EXT_FIREWALL(27748): AppDao loadapp=Calendar, pkg=com.google.android.calendar
D/EXT_FIREWALL(27748): AppDao loadapp=Face Unlock, pkg=com.android.facelock
D/EXT_FIREWALL(27748): AppDao loadapp=Chrome, pkg=com.android.chrome
D/EXT_FIREWALL(27748): AppDao loadapp=Shell, pkg=com.android.shell
D/EXT_FIREWALL(27748): AppDao loadapp=SomTodo, pkg=com.somcloud.somtodo
D/EXT_FIREWALL(27748): AppDao loadapp=Service Programu, pkg=com.lge.SprintHiddenMenu
D/EXT_FIREWALL(27748): AppDao loadapp=Google Contacts Sync, pkg=com.google.android.syncadapters.contacts
D/EXT_FIREWALL(27748): AppDao loadapp=Google Backup Transport, pkg=com.google.android.backup
D/EXT_FIREWALL(27748): AppDao loadapp=Amazon, pkg=com.amazon.mShop.android
D/EXT_FIREWALL(27748): AppDao loadapp=SPG, pkg=com.starwood.spg
D/EXT_FIREWALL(27748): AppDao loadapp=Amex, pkg=com.americanexpress.android.acctsvcs.us
D/EXT_FIREWALL(27748): AppDao loadapp=Flashlight, pkg=com.surpax.ledflashlight.panel
D/EXT_FIREWALL(27748): AppDao loadapp=Authy, pkg=com.authy.authy
D/EXT_FIREWALL(27748): AppDao loadapp=Coinbase, pkg=com.coinbase.android
D/EXT_FIREWALL(27748): AppDao loadapp=Bitcoin Widget, pkg=st.brothas.mtgoxwidget
D/EXT_FIREWALL(27748): AppDao loadapp=Twitch, pkg=tv.twitch.android.viewer
D/EXT_FIREWALL(27748): AppDao loadapp=reddit is fun, pkg=com.andrewshu.android.reddit
D/EXT_FIREWALL(27748): AppDao loadapp=BitCurrency, pkg=com.haneul.bitcurrency
D/EXT_FIREWALL(27748): AppDao loadapp=Simple Bitcoin Widget, pkg=com.brentpanther.bitcoinwidget
D/EXT_FIREWALL(27748): AppDao loadapp=Bitcoin Ticker Widget, pkg=ws.websca.bitcointicker
I/EXT_FIREWALL(27748): The service is initialised
D/EXT_FIREWALL(27748): onHandleIntent: intent=Intent { dat=package:com.haneul.bitcurrency cmp=com.shinhan.sbanking/com.gaia.firewall.android.BaseService (has extras) }
I/EXT_FIREWALL(27748): The service gets start command: intent=Intent { dat=package:com.haneul.bitcurrency cmp=com.shinhan.sbanking/com.gaia.firewall.android.BaseService (has extras) }
D/EXT_FIREWALL(27748):  start command intent extras: extras=Bundle[mParcelledData.dataSize=588]
D/EXT_FIREWALL(27748): {android.intent.extra.REMOVED_FOR_ALL_USERS=false,EXTRA_COMMAND=19,android.intent.extra.UID=10136,android.intent.extra.DATA_REMOVED=false,android.intent.extra.REPLACING=true,EXTRA_ACTION=android.intent.action.PACKAGE_REMOVED,android.intent.extra.user_handle=0,}
D/EXT_FIREWALL(27748): package removed: isReplacing=true
D/EXT_FIREWALL(27748): APPMONITOR: get command: 19
D/BackupManagerService(  777): Received broadcast Intent { act=android.intent.action.PACKAGE_ADDED dat=package:com.haneul.bitcurrency flg=0x4000010 (has extras) }
V/BackupManagerService(  777): removePackageParticipantsLocked: uid=10136 #1
V/BackupManagerService(  777): addPackageParticipantsLocked: #1
I/EXT_FIREWALL(27748): The service is on destroying...
D/EXT_FIREWALL(27748): test ctx=com.gaia.firewall.android.BaseService@42594eb8
D/EXT_FIREWALL(27748): getDbFile=/data/data/com.shinhan.sbanking/databases/mobikit_db
D/EXT_FIREWALL(27748): try to open db: /data/data/com.shinhan.sbanking/databases/mobikit_db: is exists? =true
I/EXT_FIREWALL(27748): all app cache info's changes are commited!
I/EXT_FIREWALL(27748): The service is destroying
I/EXT_FIREWALL(27748): The service is destroyed!
