D/dalvikvm( 2201): GC_CONCURRENT freed 410K, 4% free 17051K/17636K, paused 2ms+2ms, total 13ms
I/EXT_FIREWALL(28955): get received broad action: intent.getAction()=android.intent.action.PACKAGE_REPLACED
I/ActivityManager(  777): Delay finish: com.android.musicfx/.Compatibility$Receiver
I/ActivityManager(  777): Resuming delayed broadcast
D/SystemBroadcastService( 2201): Received broadcast action=android.intent.action.PACKAGE_REPLACED and uri=
V/GelStubAppWatcher( 1328): onReceive: android.intent.action.PACKAGE_REPLACED
W/Launcher( 1027): setApplicationContext called twice! old=com.google.android.velvet.VelvetApplication@42595bf8 new=com.google.android.velvet.VelvetApplication@42595bf8
I/chromium( 2201): [INFO:simple_index_file.cc(397)] Simple Cache Index is being restored from disk.
I/ActivityManager(  777): Start proc com.google.android.apps.magazines for broadcast com.google.android.apps.magazines/com.google.apps.dots.android.app.receiver.FirstInstallNotificationReceiver: pid=29158 uid=10058 gids={50058, 3003, 1028, 1015}
D/dalvikvm(29002): GC_CONCURRENT freed 614K, 4% free 18926K/19576K, paused 2ms+17ms, total 60ms
V/WebViewChromium(29158): Binding Chromium to the background looper Looper{42588860}
I/chromium(29158): [INFO:library_loader_hooks.cc(112)] Chromium logging enabled: level = 0, default verbosity = 0
I/BrowserProcessMain(29158): Initializing chromium process, renderers=0
W/chromium(29158): [WARNING:proxy_service.cc(888)] PAC support disabled because there is no system implementation
I/Adreno-EGL(29158): <qeglDrvAPI_eglInitialize:320>: EGL 1.4 QUALCOMM build:  (CL3776187)
I/Adreno-EGL(29158): OpenGL ES Shader Compiler Version: 
I/Adreno-EGL(29158): Build Date: 10/15/13 Tue
I/Adreno-EGL(29158): Local Branch: 
I/Adreno-EGL(29158): Remote Branch: partner/upstream
I/Adreno-EGL(29158): Local Patches: 
I/Adreno-EGL(29158): Reconstruct Branch: 
I/GCoreUlr( 1112): Ensuring that reporting is active
I/GCoreUlr( 1112): GMS FLP location updates requested at interval 60000 ms; triggerImmediate=false
D/dalvikvm( 1112): GC_CONCURRENT freed 513K, 4% free 17540K/18152K, paused 3ms+4ms, total 66ms
D/dalvikvm( 2201): GC_FOR_ALLOC freed 269K, 4% free 17063K/17636K, paused 9ms, total 9ms
D/dalvikvm( 2201): GC_FOR_ALLOC freed 206K, 4% free 17055K/17636K, paused 10ms, total 10ms
D/dalvikvm( 2201): GC_FOR_ALLOC freed 205K, 4% free 17055K/17636K, paused 10ms, total 10ms
W/GAV2    (29158): Thread[main,5,main]: Need to call initialize() and be in fallback mode to start dispatch.
D/dalvikvm(29002): GC_CONCURRENT freed 688K, 4% free 19072K/19800K, paused 2ms+16ms, total 34ms
D/dalvikvm( 2201): GC_FOR_ALLOC freed 205K, 4% free 17056K/17636K, paused 15ms, total 15ms
D/dalvikvm(29158): GC_CONCURRENT freed 300K, 2% free 16551K/16888K, paused 2ms+3ms, total 40ms
D/dalvikvm(29158): WAIT_FOR_CONCURRENT_GC blocked 20ms
D/dalvikvm(29158): WAIT_FOR_CONCURRENT_GC blocked 4ms
D/dalvikvm(29158): WAIT_FOR_CONCURRENT_GC blocked 36ms
I/NSApplication(29158): Starting up...
D/dalvikvm(29158): GC_CONCURRENT freed 275K, 2% free 16726K/17040K, paused 2ms+5ms, total 17ms
I/ActivityManager(  777): Start proc com.authy.authy for broadcast com.authy.authy/com.urbanairship.push.GCMPushReceiver: pid=29206 uid=10087 gids={50087, 3001, 3002, 3003}
I/ActivityManager(  777): Killing 28466:com.twitter.android/u0a81 (adj 15): empty #17
D/dalvikvm(29002): GC_FOR_ALLOC freed 611K, 5% free 19094K/20024K, paused 23ms, total 23ms
D/dalvikvm(29002): GC_FOR_ALLOC freed 645K, 5% free 19125K/20052K, paused 17ms, total 17ms
D/Authy APID(29206): b18cbfb6-14b1-453a-bfac-3f1f36a383fb
D/dalvikvm(29002): GC_FOR_ALLOC freed 685K, 5% free 19161K/20096K, paused 28ms, total 29ms
D/dalvikvm(29033): GC_FOR_ALLOC freed 449K, 3% free 16951K/17440K, paused 8ms, total 8ms
I/CrittercismInstance(29206): Crittercism Initialized.
D/dalvikvm(29206): GC_CONCURRENT freed 277K, 2% free 16518K/16828K, paused 4ms+1ms, total 25ms
D/dalvikvm(29002): GC_FOR_ALLOC freed 747K, 5% free 19207K/20144K, paused 19ms, total 20ms
D/dalvikvm(  777): GC_EXPLICIT freed 1025K, 18% free 40683K/49564K, paused 3ms+7ms, total 95ms
I/ActivityManager(  777): Killing 28488:com.joelapenna.foursquared/u0a98 (adj 15): empty #17
D/dalvikvm(29206): GC_CONCURRENT freed 336K, 3% free 16567K/16944K, paused 2ms+1ms, total 9ms
I/jdwp    (29033): Ignoring second debugger -- accepting and dropping
W/Ads     (29033): Not enough space to show ad. Needs 960x150, but only has 1080x0
D/dalvikvm(29033): GC_FOR_ALLOC freed 506K, 4% free 16957K/17500K, paused 11ms, total 13ms
I/Ads     (29033): Scheduling ad refresh 60000 milliseconds from now.
I/Ads     (29033): Ad finished loading.
I/chromium(29033): [INFO:CONSOLE(0)] "The page at https://www.korbit.co.kr/ displayed insecure content from android-webview:default_video_poster/-7566255380015932526.
I/chromium(29033): ", source: https://www.korbit.co.kr/ (0)
D/dalvikvm(29033): GC_FOR_ALLOC freed 480K, 4% free 16922K/17500K, paused 15ms, total 15ms
I/dalvikvm-heap(29033): Grow heap (frag case) to 16.714MB for 162016-byte allocation
D/dalvikvm(29033): GC_FOR_ALLOC freed <1K, 4% free 17080K/17660K, paused 10ms, total 10ms
D/dalvikvm(29033): GC_FOR_ALLOC freed 3K, 4% free 17081K/17660K, paused 8ms, total 8ms
I/dalvikvm-heap(29033): Grow heap (frag case) to 16.870MB for 162016-byte allocation
D/dalvikvm(29033): GC_FOR_ALLOC freed <1K, 4% free 17239K/17820K, paused 9ms, total 9ms
D/dalvikvm(29033): GC_FOR_ALLOC freed 364K, 5% free 17082K/17820K, paused 13ms, total 13ms
D/dalvikvm(29033): GC_FOR_ALLOC freed 218K, 3% free 17376K/17820K, paused 9ms, total 9ms
D/dalvikvm(29033): GC_FOR_ALLOC freed 223K, 2% free 17662K/17924K, paused 9ms, total 10ms
D/dalvikvm(29033): GC_FOR_ALLOC freed 299K, 2% free 17854K/18196K, paused 11ms, total 11ms
D/dalvikvm(29033): GC_FOR_ALLOC freed 312K, 2% free 18053K/18404K, paused 12ms, total 12ms
I/ActivityManager(  777): Killing 28585:com.google.android.gallery3d/u0a40 (adj 15): empty #17
W/GAV2    (29158): Thread[GAThread,5,main]: Service unavailable (code=1), will retry.
W/ActivityManager(  777): Unable to start service Intent { act=com.google.android.gms.analytics.service.START cmp=com.google.android.gms/.analytics.service.AnalyticsService (has extras) } U=0: not found
I/GAV2    (29158): Thread[GAThread,5,main]: No campaign data found.
I/ActivityManager(  777): Killing 28609:com.google.android.apps.uploader/u0a60 (adj 15): empty #17
D/dalvikvm( 1328): GC_CONCURRENT freed 560K, 8% free 18356K/19872K, paused 9ms+1ms, total 47ms
W/GAV2    (29158): Thread[Service Reconnect,5,main]: Service unavailable (code=1), using local store.
W/ActivityManager(  777): Unable to start service Intent { act=com.google.android.gms.analytics.service.START cmp=com.google.android.gms/.analytics.service.AnalyticsService (has extras) } U=0: not found
D/Finsky  ( 5105): [1] 5.onFinished: Installation state replication succeeded.
D/dalvikvm( 1112): GC_CONCURRENT freed 442K, 4% free 17553K/18152K, paused 8ms+1ms, total 20ms
D/dalvikvm( 1112): WAIT_FOR_CONCURRENT_GC blocked 12ms
I/GCoreUlr( 1112): Successfully inserted location
D/dalvikvm( 1112): GC_FOR_ALLOC freed 226K, 4% free 17506K/18152K, paused 11ms, total 11ms
I/GCoreUlr( 1112): Not calling LocationReportingService, hasMoved: false, elapsed millis: 2211363, request: Phone
