D/MobileDataStateTracker(  777): ims: Broadcast received: android.intent.action.ANY_DATA_STATE apnType=ims
D/MobileDataStateTracker(  777): ims: Received state=DISCONNECTED, old=DISCONNECTED, reason=dataEnabled
D/MobileDataStateTracker(  777): mms: Broadcast received: android.intent.action.ANY_DATA_STATE apnType=mms
D/MobileDataStateTracker(  777): mms: Received state=DISCONNECTED, old=DISCONNECTED, reason=dataEnabled
D/MobileDataStateTracker(  777): cbs: Broadcast received: android.intent.action.ANY_DATA_STATE apnType=cbs
D/MobileDataStateTracker(  777): cbs: Received state=DISCONNECTED, old=DISCONNECTED, reason=dataEnabled
D/MobileDataStateTracker(  777): default: Broadcast received: android.intent.action.ANY_DATA_STATE apnType=default
D/MobileDataStateTracker(  777): default: Received state=CONNECTED, old=CONNECTING, reason=dataEnabled
D/MobileDataStateTracker(  777): default: setDetailed state, old =CONNECTING and new state=CONNECTED
D/Nat464Xlat(  777): requiresClat: netType=1, hasIPv4Address=false
D/ConnectivityService(  777): ConnectivityChange for mobile: CONNECTED/CONNECTED
D/ConnectivityService(  777): ConnectivityChange checkMobileProvisioning for TYPE_MOBILE or ProvisioningNetwork
D/ConnectivityService(  777): checkMobileProvisioning: E suggestedTimeOutMs=60000
D/ConnectivityService(  777): checkMobileProvisioning: X already checking ignore for the moment
D/ConnectivityService(  777): checkMobileProvisioning: X
D/Nat464Xlat(  777): requiresClat: netType=0, hasIPv4Address=false
I/Nat464Xlat(  777): Starting clatd on rmnet0, lp={InterfaceName: rmnet0 LinkAddresses: [2607:fb90:1900:8ad3:1253:c001:d63a:d70d/64,]  Routes: [::/0 -> 2607:fb90:1900:8ad3:d4a2:523a:6a3e:4703,] DnsAddresses: [fd00:976a::9,] Domains: nullMTU: 1440}
D/ConnectivityService(  777): handleInetConditionChange: net=-1 != default=0 - ignore
D/MobileDataStateTracker(  777): default: setPolicyDataEnable(enabled=true)
W/NetworkPolicy(  777): shared quota unsupported; generating rule for each iface
D/MobileDataStateTracker(  777): default: setPolicyDataEnable(enabled=true)
W/NetworkPolicy(  777): shared quota unsupported; generating rule for each iface
D/MobileDataStateTracker(  777): default: setPolicyDataEnable(enabled=true)
D/MobileDataStateTracker(  777): default: setPolicyDataEnable(enabled=true)
D/ConnectivityService(  777): NetTransition Wakelock for ConnectedState released by timeout
D/MobileDataStateTracker(  777): hipri: Broadcast received: android.intent.action.ANY_DATA_STATE apnType=hipri
D/MobileDataStateTracker(  777): hipri: Received state=DISCONNECTED, old=CONNECTED, reason=(unspecified)
D/MobileDataStateTracker(  777): hipri: setDetailed state, old =CONNECTED and new state=DISCONNECTED
E/MobileDataStateTracker(  777): hipri: unknown network type: 0
D/ConnectivityService(  777): ConnectivityChange for mobile_hipri: DISCONNECTED/DISCONNECTED
D/MobileDataStateTracker(  777): default: Broadcast received: android.intent.action.ANY_DATA_STATE apnType=default
D/MobileDataStateTracker(  777): default: Received state=DISCONNECTED, old=CONNECTED, reason=(unspecified)
D/MobileDataStateTracker(  777): default: setDetailed state, old =CONNECTED and new state=DISCONNECTED
D/MobileDataStateTracker(  777): hipri: Broadcast received: android.intent.action.ANY_DATA_STATE apnType=hipri
D/MobileDataStateTracker(  777): hipri: Received state=DISCONNECTED, old=DISCONNECTED, reason=dataDetached
D/MobileDataStateTracker(  777): default: Broadcast received: android.intent.action.ANY_DATA_STATE apnType=default
D/MobileDataStateTracker(  777): default: Received state=DISCONNECTED, old=DISCONNECTED, reason=dataDetached
D/MobileDataStateTracker(  777): fota: Broadcast received: android.intent.action.ANY_DATA_STATE apnType=fota
D/MobileDataStateTracker(  777): fota: Received state=DISCONNECTED, old=DISCONNECTED, reason=dataDetached
D/MobileDataStateTracker(  777): dun: Broadcast received: android.intent.action.ANY_DATA_STATE apnType=dun
D/MobileDataStateTracker(  777): dun: Received state=DISCONNECTED, old=DISCONNECTED, reason=dataDetached
D/MobileDataStateTracker(  777): ia: Broadcast received: android.intent.action.ANY_DATA_STATE apnType=ia
D/MobileDataStateTracker(  777): ia: Received state=DISCONNECTED, old=DISCONNECTED, reason=dataDetached
D/MobileDataStateTracker(  777): supl: Broadcast received: android.intent.action.ANY_DATA_STATE apnType=supl
D/MobileDataStateTracker(  777): supl: Received state=DISCONNECTED, old=DISCONNECTED, reason=dataDetached
D/MobileDataStateTracker(  777): ims: Broadcast received: android.intent.action.ANY_DATA_STATE apnType=ims
D/MobileDataStateTracker(  777): ims: Received state=DISCONNECTED, old=DISCONNECTED, reason=dataDetached
D/MobileDataStateTracker(  777): mms: Broadcast received: android.intent.action.ANY_DATA_STATE apnType=mms
D/MobileDataStateTracker(  777): mms: Received state=DISCONNECTED, old=DISCONNECTED, reason=dataDetached
D/MobileDataStateTracker(  777): cbs: Broadcast received: android.intent.action.ANY_DATA_STATE apnType=cbs
D/Nat464Xlat(  777): requiresClat: netType=5, hasIPv4Address=false
D/MobileDataStateTracker(  777): cbs: Received state=DISCONNECTED, old=DISCONNECTED, reason=dataDetached
E/MobileDataStateTracker(  777): default: unknown network type: 0
D/ConnectivityService(  777): ConnectivityChange for mobile: DISCONNECTED/DISCONNECTED
D/ConnectivityService(  777): tryFailover: set mActiveDefaultNetwork=-1, prevNetType=0
D/ConnectivityService(  777): Attempting to switch to WIFI
D/ConnectivityService(  777): Attempting to switch to BLUETOOTH_TETHER
D/ConnectivityService(  777): resetConnections(rmnet0, 3)
D/Nat464Xlat(  777): requiresClat: netType=0, hasIPv4Address=false
I/Nat464Xlat(  777): Stopping clatd
D/MobileDataStateTracker(  777): default: setPolicyDataEnable(enabled=true)
D/MobileDataStateTracker(  777): default: setPolicyDataEnable(enabled=true)
D/MobileDataStateTracker(  777): default: setPolicyDataEnable(enabled=true)
D/MobileDataStateTracker(  777): default: setPolicyDataEnable(enabled=true)
D/MobileDataStateTracker(  777): default: setPolicyDataEnable(enabled=true)
D/MobileDataStateTracker(  777): default: setPolicyDataEnable(enabled=true)
D/ConnectivityService(  777): [CheckMp] isMobileOk: newUrl=http://[2607:f8b0:400f:800::100e]/generate_204?q=1876064170
D/ConnectivityService(  777): setProvNotificationVisible: E visible=false networkType=1 extraInfo=null url=null
D/ConnectivityService(  777): Captive portal check NetworkInfo: type: WIFI[], state: CONNECTING/CAPTIVE_PORTAL_CHECK, reason: (unspecified), extra: "netlab", roaming: false, failover: false, isAvailable: true, isConnectedToProvisioningNetwork: false
D/ConnectivityService(  777): handleCaptivePortalTrackerCheck: call captivePortalCheckComplete ni=NetworkInfo: type: WIFI[], state: CONNECTING/CAPTIVE_PORTAL_CHECK, reason: (unspecified), extra: "netlab", roaming: false, failover: false, isAvailable: true, isConnectedToProvisioningNetwork: false
D/ConnectivityService(  777): ConnectivityChange for WIFI: CONNECTED/CONNECTED
E/ConnectivityService(  777): Unexpected mtu value: android.net.wifi.WifiStateTracker@42bada38
D/Nat464Xlat(  777): requiresClat: netType=1, hasIPv4Address=true
D/MobileDataStateTracker(  777): default: setPolicyDataEnable(enabled=true)
D/MobileDataStateTracker(  777): default: setPolicyDataEnable(enabled=true)
D/ConnectivityService(  777): [CheckMp] isMobileOk: HttpURLConnection Exception e=java.net.SocketTimeoutException: failed to connect to /2607:f8b0:400f:800::100e (port 80) after 5000ms
D/ConnectivityService(  777): [CheckMp] isMobileOk: could not establish route to hostAddr=clients3.google.com/2607:f8b0:400f:800::100e
D/ConnectivityService(  777): [CheckMp] too many loops tried - giving up
D/ConnectivityService(  777): [CheckMp] isMobileOk: X loops|timed out result=3
D/ConnectivityService(  777): [CheckMp] isMobileOk: F stop hipri
D/MobileDataStateTracker(  777): default: setEnableFailFastMobileData(enabled=0)
D/ConnectivityService(  777): stopUsingNetworkFeature: teardown net 0: enableHIPRI
D/MobileDataStateTracker(  777): hipri: Broadcast received: android.intent.action.ANY_DATA_STATE apnType=hipri
D/MobileDataStateTracker(  777): hipri: Received state=DISCONNECTED, old=DISCONNECTED, reason=dataDisabled
D/ConnectivityService(  777): handleConnectivityChange: addresses changed linkProperty[1]: resetMask=0
D/ConnectivityService(  777):    car=removed=[] added=[fe80::bef5:acff:fee0:b06e/64,]
D/Nat464Xlat(  777): requiresClat: netType=1, hasIPv4Address=true
D/ConnectivityService(  777): handleConnectivityChange: addresses changed linkProperty[1]: resetMask=0
D/ConnectivityService(  777):    car=removed=[] added=[2607:4000:200:13:41cb:26bb:ee19:7135/64,]
D/Nat464Xlat(  777): requiresClat: netType=1, hasIPv4Address=true
D/ConnectivityService(  777): handleConnectivityChange: addresses changed linkProperty[1]: resetMask=0
D/ConnectivityService(  777):    car=removed=[] added=[2607:4000:200:13:bef5:acff:fee0:b06e/64,]
D/Nat464Xlat(  777): requiresClat: netType=1, hasIPv4Address=true
D/ConnectivityService(  777): [CheckMp] isMobileOk: X result=3
D/ConnectivityService(  777): [CheckMp] onPostExecute: result=3
D/ConnectivityService(  777): CheckMp.onComplete: result=3
D/ConnectivityService(  777): CheckMp.onComplete: ignore, connected or no connection
D/ConnectivityService(  777): handleInetConditionHoldEnd: net=1, condition=0, published condition=0
D/MobileDataStateTracker(  777): default: Broadcast received: android.intent.action.ANY_DATA_STATE apnType=default
D/MobileDataStateTracker(  777): default: Received state=CONNECTED, old=DISCONNECTED, reason=dataAttached
D/MobileDataStateTracker(  777): default: setDetailed state, old =DISCONNECTED and new state=CONNECTED
D/ConnectivityService(  777): ConnectivityChange for mobile: CONNECTED/CONNECTED
D/ConnectivityService(  777): ConnectivityChange checkMobileProvisioning for TYPE_MOBILE or ProvisioningNetwork
D/ConnectivityService(  777): checkMobileProvisioning: E suggestedTimeOutMs=60000
D/ConnectivityService(  777): setProvNotificationVisible: E visible=false networkType=5 extraInfo=null url=null
D/ConnectivityService(  777): checkMobileProvisioning: params={ url=http://clients3.google.com/generate_204 mTimeOutMs=60000 mCb=com.android.server.ConnectivityService$5@430ed880}
D/ConnectivityService(  777): checkMobileProvisioning: X
D/MobileDataStateTracker(  777): fota: Broadcast received: android.intent.action.ANY_DATA_STATE apnType=fota
D/MobileDataStateTracker(  777): fota: Received state=DISCONNECTED, old=DISCONNECTED, reason=dataAttached
D/MobileDataStateTracker(  777): dun: Broadcast received: android.intent.action.ANY_DATA_STATE apnType=dun
D/MobileDataStateTracker(  777): dun: Received state=DISCONNECTED, old=DISCONNECTED, reason=dataAttached
D/MobileDataStateTracker(  777): ia: Broadcast received: android.intent.action.ANY_DATA_STATE apnType=ia
D/MobileDataStateTracker(  777): ia: Received state=DISCONNECTED, old=DISCONNECTED, reason=dataAttached
D/MobileDataStateTracker(  777): supl: Broadcast received: android.intent.action.ANY_DATA_STATE apnType=supl
D/MobileDataStateTracker(  777): supl: Received state=DISCONNECTED, old=DISCONNECTED, reason=dataAttached
D/MobileDataStateTracker(  777): hipri: Broadcast received: android.intent.action.ANY_DATA_STATE apnType=hipri
D/MobileDataStateTracker(  777): hipri: Received state=DISCONNECTED, old=DISCONNECTED, reason=dataAttached
D/MobileDataStateTracker(  777): ims: Broadcast received: android.intent.action.ANY_DATA_STATE apnType=ims
D/MobileDataStateTracker(  777): ims: Received state=DISCONNECTED, old=DISCONNECTED, reason=dataAttached
D/MobileDataStateTracker(  777): mms: Broadcast received: android.intent.action.ANY_DATA_STATE apnType=mms
D/MobileDataStateTracker(  777): mms: Received state=DISCONNECTED, old=DISCONNECTED, reason=dataAttached
D/MobileDataStateTracker(  777): cbs: Broadcast received: android.intent.action.ANY_DATA_STATE apnType=cbs
D/MobileDataStateTracker(  777): default: isProvisioningNetwork: retVal=false
D/ConnectivityService(  777): [CheckMp] isMobileOk: isDefaultProvisioning=false
D/MobileDataStateTracker(  777): cbs: Received state=DISCONNECTED, old=DISCONNECTED, reason=dataAttached
D/MobileDataStateTracker(  777): hipri: isProvisioningNetwork: retVal=false
D/ConnectivityService(  777): [CheckMp] isMobileOk: isHipriProvisioning=false
D/ConnectivityService(  777): [CheckMp] isMobileOk: start hipri url=http://clients3.google.com/generate_204
D/ConnectivityService(  777): startUsingNetworkFeature reconnecting to 0: enableHIPRI
D/ConnectivityService(  777): startUsingNetworkFeature X: return APN_REQUEST_STARTED
D/ConnectivityService(  777): [CheckMp] isMobileOk: hipri started
D/ConnectivityService(  777): [CheckMp] isMobileOk: not connected ni=NetworkInfo: type: mobile_hipri[UMTS], state: DISCONNECTED/IDLE, reason: (unspecified), extra: (none), roaming: false, failover: false, isAvailable: true, isConnectedToProvisioningNetwork: false
D/MobileDataStateTracker(  777): hipri: Broadcast received: android.intent.action.ANY_DATA_STATE apnType=hipri
D/MobileDataStateTracker(  777): hipri: Received state=CONNECTING, old=DISCONNECTED, reason=dataEnabled
D/MobileDataStateTracker(  777): hipri: setDetailed state, old =IDLE and new state=CONNECTING
D/MobileDataStateTracker(  777): fota: Broadcast received: android.intent.action.ANY_DATA_STATE apnType=fota
D/MobileDataStateTracker(  777): fota: Received state=DISCONNECTED, old=DISCONNECTED, reason=dataEnabled
D/MobileDataStateTracker(  777): dun: Broadcast received: android.intent.action.ANY_DATA_STATE apnType=dun
D/MobileDataStateTracker(  777): dun: Received state=DISCONNECTED, old=DISCONNECTED, reason=dataEnabled
D/MobileDataStateTracker(  777): ia: Broadcast received: android.intent.action.ANY_DATA_STATE apnType=ia
D/MobileDataStateTracker(  777): ia: Received state=DISCONNECTED, old=DISCONNECTED, reason=dataEnabled
D/MobileDataStateTracker(  777): supl: Broadcast received: android.intent.action.ANY_DATA_STATE apnType=supl
D/MobileDataStateTracker(  777): supl: Received state=DISCONNECTED, old=DISCONNECTED, reason=dataEnabled
D/MobileDataStateTracker(  777): ims: Broadcast received: android.intent.action.ANY_DATA_STATE apnType=ims
D/MobileDataStateTracker(  777): ims: Received state=DISCONNECTED, old=DISCONNECTED, reason=dataEnabled
D/MobileDataStateTracker(  777): default: Broadcast received: android.intent.action.ANY_DATA_STATE apnType=default
D/MobileDataStateTracker(  777): default: Received state=DISCONNECTED, old=CONNECTED, reason=dataEnabled
D/MobileDataStateTracker(  777): default: setDetailed state, old =CONNECTED and new state=DISCONNECTED
D/ConnectivityService(  777): ConnectivityChange for mobile: DISCONNECTED/DISCONNECTED
D/ConnectivityService(  777): Attempting to switch to WIFI
D/ConnectivityService(  777): Attempting to switch to BLUETOOTH_TETHER
D/Nat464Xlat(  777): requiresClat: netType=0, hasIPv4Address=false
E/Nat464Xlat(  777): stopClat: already stopped
D/MobileDataStateTracker(  777): mms: Broadcast received: android.intent.action.ANY_DATA_STATE apnType=mms
D/MobileDataStateTracker(  777): mms: Received state=DISCONNECTED, old=DISCONNECTED, reason=dataEnabled
D/MobileDataStateTracker(  777): cbs: Broadcast received: android.intent.action.ANY_DATA_STATE apnType=cbs
D/MobileDataStateTracker(  777): default: setPolicyDataEnable(enabled=true)
D/MobileDataStateTracker(  777): cbs: Received state=DISCONNECTED, old=DISCONNECTED, reason=dataEnabled
D/MobileDataStateTracker(  777): hipri: Broadcast received: android.intent.action.ANY_DATA_STATE apnType=hipri
D/MobileDataStateTracker(  777): hipri: Received state=DISCONNECTED, old=CONNECTING, reason=lostDataConnection
D/MobileDataStateTracker(  777): hipri: setDetailed state, old =CONNECTING and new state=DISCONNECTED
D/ConnectivityService(  777): ConnectivityChange for mobile_hipri: DISCONNECTED/DISCONNECTED
D/Nat464Xlat(  777): requiresClat: netType=5, hasIPv4Address=false
D/MobileDataStateTracker(  777): default: setPolicyDataEnable(enabled=true)
D/MobileDataStateTracker(  777): default: setPolicyDataEnable(enabled=true)
D/MobileDataStateTracker(  777): default: setPolicyDataEnable(enabled=true)
D/MobileDataStateTracker(  777): default: setPolicyDataEnable(enabled=true)
D/MobileDataStateTracker(  777): default: setPolicyDataEnable(enabled=true)
D/MobileDataStateTracker(  777): default: setPolicyDataEnable(enabled=true)
D/MobileDataStateTracker(  777): default: setPolicyDataEnable(enabled=true)
D/ConnectivityService(  777): [CheckMp] isMobileOk: not connected ni=NetworkInfo: type: mobile_hipri[UMTS], state: DISCONNECTED/DISCONNECTED, reason: lostDataConnection, extra: fast.t-mobile.com, roaming: false, failover: false, isAvailable: true, isConnectedToProvisioningNetwork: false
D/ConnectivityService(  777): [CheckMp] isMobileOk: not connected ni=NetworkInfo: type: mobile_hipri[UMTS], state: DISCONNECTED/DISCONNECTED, reason: lostDataConnection, extra: fast.t-mobile.com, roaming: false, failover: false, isAvailable: true, isConnectedToProvisioningNetwork: false
D/ConnectivityService(  777): [CheckMp] isMobileOk: not connected ni=NetworkInfo: type: mobile_hipri[UMTS], state: DISCONNECTED/DISCONNECTED, reason: lostDataConnection, extra: fast.t-mobile.com, roaming: false, failover: false, isAvailable: true, isConnectedToProvisioningNetwork: false
D/ConnectivityService(  777): [CheckMp] isMobileOk: not connected ni=NetworkInfo: type: mobile_hipri[UMTS], state: DISCONNECTED/DISCONNECTED, reason: lostDataConnection, extra: fast.t-mobile.com, roaming: false, failover: false, isAvailable: true, isConnectedToProvisioningNetwork: false
D/ConnectivityService(  777): [CheckMp] isMobileOk: not connected ni=NetworkInfo: type: mobile_hipri[UMTS], state: DISCONNECTED/DISCONNECTED, reason: lostDataConnection, extra: fast.t-mobile.com, roaming: false, failover: false, isAvailable: true, isConnectedToProvisioningNetwork: false
D/ConnectivityService(  777): setProvNotificationVisible: E visible=false networkType=1 extraInfo=null url=null
W/ContextImpl(  777): Calling a method in the system process without a qualified user: android.app.ContextImpl.sendBroadcast:1137 android.net.CaptivePortalTracker.sendNetworkConditionsBroadcast:507 android.net.CaptivePortalTracker.isCaptivePortal:399 android.net.CaptivePortalTracker.access$2600:60 android.net.CaptivePortalTracker$DelayedCaptiveCheckState.processMessage:283 
D/ConnectivityService(  777): captivePortalCheckCompleted: ni=NetworkInfo: type: WIFI[], state: CONNECTED/CONNECTED, reason: (unspecified), extra: "netlab", roaming: false, failover: false, isAvailable: true, isConnectedToProvisioningNetwork: false captive=false
D/ConnectivityService(  777): [CheckMp] isMobileOk: not connected ni=NetworkInfo: type: mobile_hipri[UMTS], state: DISCONNECTED/DISCONNECTED, reason: lostDataConnection, extra: fast.t-mobile.com, roaming: false, failover: false, isAvailable: true, isConnectedToProvisioningNetwork: false
D/MobileDataStateTracker(  777): hipri: Broadcast received: android.intent.action.ANY_DATA_STATE apnType=hipri
D/MobileDataStateTracker(  777): hipri: Received state=DISCONNECTED, old=DISCONNECTED, reason=apnFailed
D/ConnectivityService(  777): [CheckMp] isMobileOk: not connected ni=NetworkInfo: type: mobile_hipri[UMTS], state: DISCONNECTED/DISCONNECTED, reason: lostDataConnection, extra: fast.t-mobile.com, roaming: false, failover: false, isAvailable: false, isConnectedToProvisioningNetwork: false
D/ConnectivityService(  777): [CheckMp] isMobileOk: not connected ni=NetworkInfo: type: mobile_hipri[UMTS], state: DISCONNECTED/DISCONNECTED, reason: lostDataConnection, extra: fast.t-mobile.com, roaming: false, failover: false, isAvailable: false, isConnectedToProvisioningNetwork: false
D/ConnectivityService(  777): [CheckMp] isMobileOk: not connected ni=NetworkInfo: type: mobile_hipri[UMTS], state: DISCONNECTED/DISCONNECTED, reason: lostDataConnection, extra: fast.t-mobile.com, roaming: false, failover: false, isAvailable: false, isConnectedToProvisioningNetwork: false
D/MobileDataStateTracker(  777): hipri: Broadcast received: android.intent.action.ANY_DATA_STATE apnType=hipri
D/MobileDataStateTracker(  777): hipri: Received state=DISCONNECTED, old=DISCONNECTED, reason=(unspecified)
D/ConnectivityService(  777): handleInetConditionHoldEnd: net=1, condition=100, published condition=0
D/ConnectivityService(  777): [CheckMp] isMobileOk: not connected ni=NetworkInfo: type: mobile_hipri[HSPA+], state: DISCONNECTED/DISCONNECTED, reason: lostDataConnection, extra: fast.t-mobile.com, roaming: false, failover: false, isAvailable: false, isConnectedToProvisioningNetwork: false
D/MobileDataStateTracker(  777): hipri: Broadcast received: android.intent.action.ANY_DATA_STATE apnType=hipri
D/MobileDataStateTracker(  777): hipri: Received state=DISCONNECTED, old=DISCONNECTED, reason=(unspecified)
D/MobileDataStateTracker(  777): default: Broadcast received: android.intent.action.ANY_DATA_STATE apnType=default
D/MobileDataStateTracker(  777): default: Received state=DISCONNECTED, old=DISCONNECTED, reason=dataDisabled
D/ConnectivityService(  777): [CheckMp] isMobileOk: not connected ni=NetworkInfo: type: mobile_hipri[UMTS], state: DISCONNECTED/DISCONNECTED, reason: lostDataConnection, extra: fast.t-mobile.com, roaming: false, failover: false, isAvailable: false, isConnectedToProvisioningNetwork: false
D/ConnectivityService(  777): [CheckMp] isMobileOk: not connected ni=NetworkInfo: type: mobile_hipri[UMTS], state: DISCONNECTED/DISCONNECTED, reason: lostDataConnection, extra: fast.t-mobile.com, roaming: false, failover: false, isAvailable: false, isConnectedToProvisioningNetwork: false
D/ConnectivityService(  777): [CheckMp] isMobileOk: not connected ni=NetworkInfo: type: mobile_hipri[UMTS], state: DISCONNECTED/DISCONNECTED, reason: lostDataConnection, extra: fast.t-mobile.com, roaming: false, failover: false, isAvailable: false, isConnectedToProvisioningNetwork: false
D/ConnectivityService(  777): handleInetConditionHoldEnd: net=1, condition=0, published condition=100
D/ConnectivityService(  777): [CheckMp] isMobileOk: not connected ni=NetworkInfo: type: mobile_hipri[UMTS], state: DISCONNECTED/DISCONNECTED, reason: lostDataConnection, extra: fast.t-mobile.com, roaming: false, failover: false, isAvailable: false, isConnectedToProvisioningNetwork: false
D/ConnectivityService(  777): [CheckMp] isMobileOk: not connected ni=NetworkInfo: type: mobile_hipri[UMTS], state: DISCONNECTED/DISCONNECTED, reason: lostDataConnection, extra: fast.t-mobile.com, roaming: false, failover: false, isAvailable: false, isConnectedToProvisioningNetwork: false
D/ConnectivityService(  777): [CheckMp] isMobileOk: not connected ni=NetworkInfo: type: mobile_hipri[UMTS], state: DISCONNECTED/DISCONNECTED, reason: lostDataConnection, extra: fast.t-mobile.com, roaming: false, failover: false, isAvailable: false, isConnectedToProvisioningNetwork: false
D/ConnectivityService(  777): [CheckMp] isMobileOk: not connected ni=NetworkInfo: type: mobile_hipri[UMTS], state: DISCONNECTED/DISCONNECTED, reason: lostDataConnection, extra: fast.t-mobile.com, roaming: false, failover: false, isAvailable: false, isConnectedToProvisioningNetwork: false
D/ConnectivityService(  777): handleInetConditionHoldEnd: net=1, condition=100, published condition=0
D/ConnectivityService(  777): [CheckMp] isMobileOk: not connected ni=NetworkInfo: type: mobile_hipri[UMTS], state: DISCONNECTED/DISCONNECTED, reason: lostDataConnection, extra: fast.t-mobile.com, roaming: false, failover: false, isAvailable: false, isConnectedToProvisioningNetwork: false
D/ConnectivityService(  777): [CheckMp] isMobileOk: not connected ni=NetworkInfo: type: mobile_hipri[UMTS], state: DISCONNECTED/DISCONNECTED, reason: lostDataConnection, extra: fast.t-mobile.com, roaming: false, failover: false, isAvailable: false, isConnectedToProvisioningNetwork: false
D/ConnectivityService(  777): [CheckMp] isMobileOk: not connected ni=NetworkInfo: type: mobile_hipri[UMTS], state: DISCONNECTED/DISCONNECTED, reason: lostDataConnection, extra: fast.t-mobile.com, roaming: false, failover: false, isAvailable: false, isConnectedToProvisioningNetwork: false
D/ConnectivityService(  777): [CheckMp] isMobileOk: not connected ni=NetworkInfo: type: mobile_hipri[UMTS], state: DISCONNECTED/DISCONNECTED, reason: lostDataConnection, extra: fast.t-mobile.com, roaming: false, failover: false, isAvailable: false, isConnectedToProvisioningNetwork: false
D/MobileDataStateTracker(  777): hipri: Broadcast received: android.intent.action.ANY_DATA_STATE apnType=hipri
D/MobileDataStateTracker(  777): hipri: Received state=CONNECTING, old=DISCONNECTED, reason=lostDataConnection
D/MobileDataStateTracker(  777): hipri: setDetailed state, old =DISCONNECTED and new state=CONNECTING
D/MobileDataStateTracker(  777): fota: Broadcast received: android.intent.action.ANY_DATA_STATE apnType=fota
D/MobileDataStateTracker(  777): fota: Received state=DISCONNECTED, old=DISCONNECTED, reason=lostDataConnection
D/MobileDataStateTracker(  777): dun: Broadcast received: android.intent.action.ANY_DATA_STATE apnType=dun
D/MobileDataStateTracker(  777): dun: Received state=DISCONNECTED, old=DISCONNECTED, reason=lostDataConnection
D/MobileDataStateTracker(  777): ia: Broadcast received: android.intent.action.ANY_DATA_STATE apnType=ia
D/MobileDataStateTracker(  777): ia: Received state=DISCONNECTED, old=DISCONNECTED, reason=lostDataConnection
D/MobileDataStateTracker(  777): supl: Broadcast received: android.intent.action.ANY_DATA_STATE apnType=supl
D/MobileDataStateTracker(  777): supl: Received state=DISCONNECTED, old=DISCONNECTED, reason=lostDataConnection
D/MobileDataStateTracker(  777): ims: Broadcast received: android.intent.action.ANY_DATA_STATE apnType=ims
D/MobileDataStateTracker(  777): ims: Received state=DISCONNECTED, old=DISCONNECTED, reason=lostDataConnection
D/MobileDataStateTracker(  777): default: Broadcast received: android.intent.action.ANY_DATA_STATE apnType=default
D/MobileDataStateTracker(  777): default: Received state=DISCONNECTED, old=DISCONNECTED, reason=lostDataConnection
D/MobileDataStateTracker(  777): mms: Broadcast received: android.intent.action.ANY_DATA_STATE apnType=mms
D/MobileDataStateTracker(  777): mms: Received state=DISCONNECTED, old=DISCONNECTED, reason=lostDataConnection
D/MobileDataStateTracker(  777): cbs: Broadcast received: android.intent.action.ANY_DATA_STATE apnType=cbs
D/MobileDataStateTracker(  777): cbs: Received state=DISCONNECTED, old=DISCONNECTED, reason=lostDataConnection
D/ConnectivityService(  777): [CheckMp] isMobileOk: not connected ni=NetworkInfo: type: mobile_hipri[UMTS], state: CONNECTING/CONNECTING, reason: lostDataConnection, extra: fast.t-mobile.com, roaming: false, failover: false, isAvailable: true, isConnectedToProvisioningNetwork: false
D/ConnectivityService(  777): [CheckMp] isMobileOk: not connected ni=NetworkInfo: type: mobile_hipri[UMTS], state: CONNECTING/CONNECTING, reason: lostDataConnection, extra: fast.t-mobile.com, roaming: false, failover: false, isAvailable: true, isConnectedToProvisioningNetwork: false
D/ConnectivityService(  777): [CheckMp] isMobileOk: not connected ni=NetworkInfo: type: mobile_hipri[UMTS], state: CONNECTING/CONNECTING, reason: lostDataConnection, extra: fast.t-mobile.com, roaming: false, failover: false, isAvailable: true, isConnectedToProvisioningNetwork: false
D/MobileDataStateTracker(  777): hipri: Broadcast received: android.intent.action.ANY_DATA_STATE apnType=hipri
D/MobileDataStateTracker(  777): hipri: Received state=CONNECTING, old=CONNECTING, reason=(unspecified)
D/ConnectivityService(  777): [CheckMp] isMobileOk: not connected ni=NetworkInfo: type: mobile_hipri[HSPA+], state: CONNECTING/CONNECTING, reason: lostDataConnection, extra: fast.t-mobile.com, roaming: false, failover: false, isAvailable: true, isConnectedToProvisioningNetwork: false
W/SocketClient(  177): write error (Broken pipe)
D/ConnectivityService(  777): [CheckMp] isMobileOk: not connected ni=NetworkInfo: type: mobile_hipri[HSPA+], state: CONNECTING/CONNECTING, reason: lostDataConnection, extra: fast.t-mobile.com, roaming: false, failover: false, isAvailable: true, isConnectedToProvisioningNetwork: false
D/ConnectivityService(  777): [CheckMp] isMobileOk: not connected ni=NetworkInfo: type: mobile_hipri[HSPA+], state: CONNECTING/CONNECTING, reason: lostDataConnection, extra: fast.t-mobile.com, roaming: false, failover: false, isAvailable: true, isConnectedToProvisioningNetwork: false
D/MobileDataStateTracker(  777): hipri: Broadcast received: android.intent.action.ANY_DATA_STATE apnType=hipri
D/MobileDataStateTracker(  777): hipri: Received state=CONNECTED, old=CONNECTING, reason=connected
D/MobileDataStateTracker(  777): hipri: setDetailed state, old =CONNECTING and new state=CONNECTED
D/ConnectivityService(  777): ConnectivityChange for mobile_hipri: CONNECTED/CONNECTED
E/ConnectivityService(  777): Exception trying to remove a route: java.lang.IllegalStateException: command '631 interface route remove rmnet0 default :: 0 2607:fb90:2c10:a283:d8bb:5504:2473:82f0' failed with '400 631 Failed to remove route from default table (No such process)'
D/Nat464Xlat(  777): requiresClat: netType=5, hasIPv4Address=false
D/MobileDataStateTracker(  777): default: setPolicyDataEnable(enabled=true)
D/MobileDataStateTracker(  777): default: setPolicyDataEnable(enabled=true)
D/MobileDataStateTracker(  777): hipri: isProvisioningNetwork: retVal=false
D/ConnectivityService(  777): [CheckMp] isMobileOk: isProvisioningNetwork is false, continue
D/ConnectivityService(  777): [CheckMp] isMobileOk: addresses=clients3.google.com/2607:f8b0:4010:801::1002,clients3.google.com/74.125.239.110,clients3.google.com/74.125.239.102,clients3.google.com/74.125.239.103,clients3.google.com/74.125.239.101,clients3.google.com/74.125.239.104,clients3.google.com/74.125.239.96,clients3.google.com/74.125.239.100,clients3.google.com/74.125.239.99,clients3.google.com/74.125.239.97,clients3.google.com/74.125.239.98,clients3.google.com/74.125.239.105
D/ConnectivityService(  777): [CheckMp] isMobileOk: linkHasIpv4=false linkHasIpv6=true
D/ConnectivityService(  777): requestRouteToHostAddress ok=true
D/ConnectivityService(  777): [CheckMp] isMobileOk: wait to establish route to hostAddr=clients3.google.com/2607:f8b0:4010:801::1002
D/ConnectivityService(  777): [CheckMp] isMobileOk: newUrl=http://[2607:f8b0:4010:801::1002]/generate_204?q=1424946809
D/ConnectivityService(  777): handleInetConditionHoldEnd: net=1, condition=100, published condition=100
D/ConnectivityService(  777): [CheckMp] isMobileOk: headers={null=[HTTP/1.1 204 No Content], Connection=[close], Date=[Wed, 04 Dec 2013 05:06:22 GMT], Server=[GFE/2.0], X-Android-Received-Millis=[1386133581145], X-Android-Response-Source=[NETWORK 204], X-Android-Selected-Transport=[http/1.1], X-Android-Sent-Millis=[1386133580523]}
D/ConnectivityService(  777): [CheckMp] isMobileOk: X expected responseCode=204 result=1
D/ConnectivityService(  777): [CheckMp] isMobileOk: F stop hipri
D/MobileDataStateTracker(  777): default: setEnableFailFastMobileData(enabled=0)
D/ConnectivityService(  777): stopUsingNetworkFeature: teardown net 0: enableHIPRI
D/MobileDataStateTracker(  777): hipri: Broadcast received: android.intent.action.ANY_DATA_STATE apnType=hipri
D/MobileDataStateTracker(  777): hipri: Received state=DISCONNECTED, old=CONNECTED, reason=dataDisabled
D/MobileDataStateTracker(  777): hipri: setDetailed state, old =CONNECTED and new state=DISCONNECTED
D/ConnectivityService(  777): ConnectivityChange for mobile_hipri: DISCONNECTED/DISCONNECTED
W/FrameworkListener(  177): Handler 'interface' error (No such device)
W/FrameworkListener(  177): Handler 'interface' error (No such device)
D/ConnectivityService(  777): resetConnections(rmnet0, 3)
D/Nat464Xlat(  777): requiresClat: netType=5, hasIPv4Address=false
D/MobileDataStateTracker(  777): default: setPolicyDataEnable(enabled=true)
D/MobileDataStateTracker(  777): default: setPolicyDataEnable(enabled=true)
D/MobileDataStateTracker(  777): default: setPolicyDataEnable(enabled=true)
D/MobileDataStateTracker(  777): default: setPolicyDataEnable(enabled=true)
D/ConnectivityService(  777): handleInetConditionHoldEnd: net=1, condition=100, published condition=100
D/ConnectivityService(  777): [CheckMp] isMobileOk: X result=1
D/ConnectivityService(  777): [CheckMp] onPostExecute: result=1
D/ConnectivityService(  777): CheckMp.onComplete: result=1
D/ConnectivityService(  777): CheckMp.onComplete: ignore, connected or no connection
W/ProcessCpuTracker(  777): Skipping unknown process pid 22301
W/ProcessCpuTracker(  777): Skipping unknown process pid 22302
W/ProcessCpuTracker(  777): Skipping unknown process pid 22314
W/ProcessCpuTracker(  777): Skipping unknown process pid 22315
W/ProcessCpuTracker(  777): Skipping unknown process pid 22323
D/MobileDataStateTracker(  777): default: setPolicyDataEnable(enabled=true)
I/ActivityManager(  777): Start proc com.google.android.partnersetup for content provider com.google.android.partnersetup/.RlzAppProvider: pid=22451 uid=10011 gids={50011, 3003}
I/ActivityManager(  777): Killing 16318:com.google.android.email/u0a38 (adj 15): empty #17
D/ConnectivityService(  777): Sampling interval elapsed, updating statistics ..
D/ConnectivityService(  777): Done.
D/ConnectivityService(  777): Setting timer for 720seconds
I/ActivityManager(  777): Start proc com.google.android.talk for broadcast com.google.android.talk/com.google.android.apps.babel.realtimechat.RealTimeChatService$AlarmReceiver: pid=22520 uid=10051 gids={50051, 3003, 1028, 1015, 3002}
I/ActivityManager(  777): Start proc st.brothas.mtgoxwidget for broadcast st.brothas.mtgoxwidget/.MtGoxWidgetProvider: pid=22549 uid=10119 gids={50119, 3003, 1028, 1015}
I/ActivityManager(  777): Killing 10333:android.process.acore/u0a3 (adj 15): empty #17
I/ActivityManager(  777): Killing 15096:com.google.android.calendar/u0a29 (adj 15): empty #17
I/PowerManagerService(  777): Waking up from sleep...
I/WindowManager(  777): Lock screen displayed!
W/InputMethodManagerService(  777): Window already focused, ignoring focus gain of: com.android.internal.view.IInputMethodClient$Stub$Proxy@42d03c80 attribute=android.view.inputmethod.EditorInfo@42cdb008, token = android.os.BinderProxy@42ea26c0
I/ActivityManager(  777): START u0 {act=android.intent.action.MAIN cat=[android.intent.category.LAUNCHER] flg=0x10200000 cmp=com.whatsapp/.Main bnds=[804,1155][1068,1455]} from pid 1027
W/InputMethodManagerService(  777): Starting input on non-focused client com.android.internal.view.IInputMethodClient$Stub$Proxy@42de6538 (uid=10023 pid=1027)
I/ActivityManager(  777): Start proc android.process.acore for content provider com.android.providers.contacts/.ContactsProvider2: pid=22686 uid=10003 gids={50003, 3003, 1028, 1015}
I/ActivityManager(  777): Killing 19248:com.google.android.keep/u0a53 (adj 15): empty #17
D/ConnectivityService(  777): handleInetConditionHoldEnd: net=1, condition=100, published condition=100
I/ActivityManager(  777): Start proc ws.websca.bitcointicker for broadcast ws.websca.bitcointicker/.BitcoinTickerAlarmReceiver: pid=22802 uid=10138 gids={50138, 3003}
I/ActivityManager(  777): Killing 19269:com.qualcomm.timeservice/u0a70 (adj 15): empty #17
I/ActivityManager(  777): START u0 {act=android.intent.action.MAIN cat=[android.intent.category.HOME] flg=0x10200000 cmp=com.google.android.googlequicksearchbox/com.google.android.launcher.GEL} from pid 777
I/ActivityManager(  777): START u0 {act=android.intent.action.MAIN cat=[android.intent.category.LAUNCHER] flg=0x10200000 cmp=com.haneul.bitcurrency/.MainActivity bnds=[276,255][540,555]} from pid 1027
V/BackupManagerService(  777): Running a backup pass
V/BackupManagerService(  777): clearing pending backups
V/PerformBackupTask(  777): Beginning backup of 1 targets
D/PerformBackupTask(  777): invokeAgentForBackup on @pm@
I/PerformBackupTask(  777): no backup data written; not calling transport
D/PerformBackupTask(  777): starting agent for backup of BackupRequest{pkg=android}
D/BackupManagerService(  777): awaiting agent for ApplicationInfo{4275a1b8 android}
D/BackupManagerService(  777): agentConnected pkg=android agent=android.app.backup.BackupAgent$BackupServiceBinder@42fc1300
I/BackupManagerService(  777): got agent android.app.backup.BackupAgent$BackupServiceBinder@42fc1300
D/PerformBackupTask(  777): invokeAgentForBackup on android
I/PerformBackupTask(  777): Backup pass finished.
I/ActivityManager(  777): START u0 {act=android.intent.action.MAIN cat=[android.intent.category.HOME] flg=0x10200000 cmp=com.google.android.googlequicksearchbox/com.google.android.launcher.GEL} from pid 777
I/ActivityManager(  777): START u0 {act=android.intent.action.MAIN cat=[android.intent.category.LAUNCHER] flg=0x10200000 pkg=com.andrewshu.android.reddit cmp=com.andrewshu.android.reddit/.MainActivity bnds=[276,855][540,1155]} from pid 1027
I/ActivityManager(  777): Start proc com.andrewshu.android.reddit for activity com.andrewshu.android.reddit/.MainActivity: pid=22967 uid=10135 gids={50135, 3003, 1028, 1015}
I/ActivityManager(  777): START u0 {act=android.intent.action.MAIN cat=[android.intent.category.HOME] flg=0x10200000 cmp=com.google.android.googlequicksearchbox/com.google.android.launcher.GEL} from pid 777
D/ConnectivityService(  777): handleInetConditionHoldEnd: net=1, condition=100, published condition=100
I/ActivityManager(  777): START u0 {act=android.intent.action.VIEW dat=content://com.android.gmail.ui/syhan@cs.washington.edu/conversation/1453112911165768350?appVersion=4610000&folderUri=content://com.android.gmail.ui/syhan@cs.washington.edu/label/%5Ei typ=application/gmail-ls flg=0x1000c000 cmp=com.google.android.gm/.ConversationListActivityGmail bnds=[0,363][1080,555] (has extras)} from pid -1
I/ActivityManager(  777): START u0 {act=android.intent.action.MAIN cat=[android.intent.category.HOME] flg=0x10200000 cmp=com.google.android.googlequicksearchbox/com.google.android.launcher.GEL} from pid 777
I/PowerManagerService(  777): Going to sleep by user request...
D/BackupManagerService(  777): Now staging backup of android
I/ActivityManager(  777): Start proc com.google.android.email for content provider com.google.android.email/com.android.email.provider.EmailProvider: pid=23235 uid=10038 gids={50038, 3003, 1028, 1015}
D/ActivityThread(23235): Loading provider com.google.android.email.provider;com.google.android.email.notifier: com.android.email.provider.EmailProvider
D/ActivityThread(23235): Loading provider com.google.android.email.provider;com.google.android.email.notifier: com.android.email.provider.EmailProvider
I/ActivityManager(  777): Killing 19283:com.amazon.mShop.android/u0a130 (adj 15): empty #17
W/ProcessCpuTracker(  777): Skipping unknown process pid 23322
I/PowerManagerService(  777): Waking up from sleep...
I/WindowManager(  777): Lock screen displayed!
W/InputMethodManagerService(  777): Window already focused, ignoring focus gain of: com.android.internal.view.IInputMethodClient$Stub$Proxy@4302f020 attribute=android.view.inputmethod.EditorInfo@430724f8, token = android.os.BinderProxy@42ea26c0
D/ConnectivityService(  777): handleInetConditionHoldEnd: net=1, condition=100, published condition=100
I/ActivityManager(  777): START u0 {act=android.intent.action.MAIN cat=[android.intent.category.LAUNCHER] flg=0x10200000 cmp=com.coinbase.android/.MainActivity} from pid 1027
I/ActivityManager(  777): Start proc com.coinbase.android for activity com.coinbase.android/.MainActivity: pid=23417 uid=10088 gids={50088, 3003}
I/ActivityManager(  777): START u0 {act=android.intent.action.MAIN cat=[android.intent.category.HOME] flg=0x10200000 cmp=com.google.android.googlequicksearchbox/com.google.android.launcher.GEL} from pid 777
I/ProcessStatsService(  777): Prepared write state in 46ms
I/ProcessStatsService(  777): Prepared write state in 0ms
I/ProcessStatsService(  777): Pruning old procstats: /data/system/procstats/state-2013-12-02-14-34-00.bin
D/ConnectivityService(  777): Sampling interval elapsed, updating statistics ..
D/ConnectivityService(  777): Done.
D/ConnectivityService(  777): Setting timer for 720seconds
I/ActivityManager(  777): START u0 {act=android.intent.action.MAIN cat=[android.intent.category.HOME] flg=0x10200000 cmp=com.google.android.googlequicksearchbox/com.google.android.launcher.GEL} from pid 777
I/ActivityManager(  777): START u0 {act=android.intent.action.MAIN cat=[android.intent.category.LAUNCHER] flg=0x10200000 cmp=com.haneul.bitcurrency/.MainActivity bnds=[276,255][540,555]} from pid 1027
D/ConnectivityService(  777): handleInetConditionHoldEnd: net=1, condition=100, published condition=100
I/ActivityManager(  777): Start proc com.facebook.katana:providers for content provider com.facebook.katana/.generated_content_providers.com.facebook.katana.provider.GraphQLNotificationsContentProvider: pid=23721 uid=10078 gids={50078, 1028, 1015, 3003}
I/ActivityManager(  777): Killing 19322:com.android.providers.calendar/u0a1 (adj 15): empty #17
I/ActivityManager(  777): Start proc com.android.providers.calendar for content provider com.android.providers.calendar/.CalendarProvider2: pid=23802 uid=10001 gids={50001, 3003, 1028, 1015}
I/ActivityManager(  777): Killing 16206:com.google.android.setupwizard/u0a17 (adj 15): empty #17
I/ActivityManager(  777): Start proc com.google.android.calendar for broadcast com.google.android.calendar/com.android.calendar.alerts.AlertReceiver: pid=23816 uid=10029 gids={50029, 3003}
I/ActivityManager(  777): Killing 16239:com.google.android.youtube/u0a73 (adj 15): empty #17
I/ActivityManager(  777): START u0 {act=android.intent.action.MAIN cat=[android.intent.category.HOME] flg=0x10200000 cmp=com.google.android.googlequicksearchbox/com.google.android.launcher.GEL} from pid 777
I/ActivityManager(  777): START u0 {act=android.intent.action.MAIN cat=[android.intent.category.LAUNCHER] flg=0x10200000 cmp=com.whatsapp/.Main bnds=[804,1155][1068,1455]} from pid 1027
I/ActivityManager(  777): START u0 {act=android.intent.action.MAIN cat=[android.intent.category.HOME] flg=0x10200000 cmp=com.google.android.googlequicksearchbox/com.google.android.launcher.GEL} from pid 777
I/PowerManagerService(  777): Going to sleep by user request...
D/ConnectivityService(  777): Captive portal check NetworkInfo: type: WIFI[], state: CONNECTING/CAPTIVE_PORTAL_CHECK, reason: (unspecified), extra: "netlab", roaming: false, failover: false, isAvailable: true, isConnectedToProvisioningNetwork: false
D/ConnectivityService(  777): handleCaptivePortalTrackerCheck: call captivePortalCheckComplete ni=NetworkInfo: type: WIFI[], state: CONNECTING/CAPTIVE_PORTAL_CHECK, reason: (unspecified), extra: "netlab", roaming: false, failover: false, isAvailable: true, isConnectedToProvisioningNetwork: false
D/ConnectivityService(  777): ConnectivityChange for WIFI: CONNECTED/CONNECTED
E/ConnectivityService(  777): Unexpected mtu value: android.net.wifi.WifiStateTracker@42bada38
D/ConnectivityService(  777): handleConnectivityChange: address are the same reset per doReset linkProperty[1]: resetMask=0
D/Nat464Xlat(  777): requiresClat: netType=1, hasIPv4Address=true
D/MobileDataStateTracker(  777): default: setPolicyDataEnable(enabled=true)
D/MobileDataStateTracker(  777): default: setPolicyDataEnable(enabled=true)
D/ConnectivityService(  777): NetTransition Wakelock for ConnectedState released by timeout
I/ActivityManager(  777): Start proc com.google.android.setupwizard for broadcast com.google.android.setupwizard/.MobileConnectivityChangeReceiver: pid=24051 uid=10017 gids={50017, 3003}
I/ActivityManager(  777): Killing 3483:com.google.android.apps.plus/u0a66 (adj 15): empty #17
I/ActivityManager(  777): Start proc com.google.android.youtube for broadcast com.google.android.youtube/com.google.android.apps.youtube.app.prefetch.PrefetchService$DeviceStateReceiver: pid=24079 uid=10073 gids={50073, 3003, 1028, 1015}
D/ConnectivityService(  777): handleInetConditionHoldEnd: net=1, condition=100, published condition=0
I/ActivityManager(  777): Start proc com.google.android.apps.plus for broadcast com.google.android.apps.plus/.service.ConnectivityReceiver: pid=24136 uid=10066 gids={50066, 3003, 3002, 1028, 1015}
I/ActivityManager(  777): Killing 12005:com.google.android.apps.walletnfcrel/u0a21 (adj 15): empty #17
I/ActivityManager(  777): Start proc com.google.android.apps.walletnfcrel for broadcast com.google.android.apps.walletnfcrel/com.google.android.apps.wallet.util.WalletNetworkAccessReceiver: pid=24166 uid=10021 gids={50021, 3003, 1028, 1015}
I/ActivityManager(  777): Killing 12022:com.twitter.android/u0a81 (adj 15): empty #17
I/ActivityManager(  777): Start proc com.twitter.android for broadcast com.twitter.android/com.twitter.applib.client.AppBroadcastReceiver: pid=24188 uid=10081 gids={50081, 3003, 1028, 1015}
I/ActivityManager(  777): Killing 12047:com.joelapenna.foursquared/u0a98 (adj 15): empty #17
I/ActivityManager(  777): Start proc com.joelapenna.foursquared for broadcast com.joelapenna.foursquared/.receivers.ConnectivityChangedReceiver: pid=24215 uid=10098 gids={50098, 3003, 1028, 1015}
I/ActivityManager(  777): Killing 22520:com.google.android.talk/u0a51 (adj 15): empty #17
I/ActivityManager(  777): Killing 22549:st.brothas.mtgoxwidget/u0a119 (adj 15): empty #17
W/ActivityManager(  777): Unable to start service Intent { act=com.google.android.gms.analytics.service.START cmp=com.google.android.gms/.analytics.service.AnalyticsService (has extras) } U=0: not found
D/ConnectivityService(  777): handleInetConditionHoldEnd: net=1, condition=100, published condition=100
I/ActivityManager(  777): Killing 15836:com.android.chrome:sandboxed_process3/u0a32i3 (adj 12): cached #9
W/ActivityManager(  777): Scheduling restart of crashed service com.android.chrome/org.chromium.content.app.SandboxedProcessService3 in 5000ms
W/ActivityManager(  777): Unable to start service Intent { act=com.google.android.gms.analytics.service.START cmp=com.google.android.gms/.analytics.service.AnalyticsService (has extras) } U=0: not found
--------- beginning of /dev/log/main
I/GCoreUlr( 1112): Successfully inserted location
D/dalvikvm( 1112): GC_FOR_ALLOC freed 261K, 4% free 17523K/18152K, paused 20ms, total 20ms
I/GCoreUlr( 1112): Not calling LocationReportingService, hasMoved: false, elapsed millis: 1687236, request: Phone
D/dalvikvm(  777): GC_EXPLICIT freed 2171K, 18% free 40041K/48528K, paused 2ms+5ms, total 69ms
D/dalvikvm( 1112): GC_CONCURRENT freed 448K, 4% free 17543K/18152K, paused 5ms+3ms, total 20ms
I/GCoreUlr( 1112): Successfully inserted location
D/dalvikvm( 1112): GC_FOR_ALLOC freed 112K, 4% free 17522K/18152K, paused 12ms, total 12ms
I/GCoreUlr( 1112): Not calling LocationReportingService, hasMoved: false, elapsed millis: 1747290, request: Phone
D/dalvikvm( 1451): GC_CONCURRENT freed 2208K, 9% free 23036K/25284K, paused 3ms+3ms, total 47ms
D/dalvikvm( 1451): WAIT_FOR_CONCURRENT_GC blocked 33ms
D/dalvikvm( 1451): GC_CONCURRENT freed 2069K, 9% free 23195K/25308K, paused 3ms+2ms, total 45ms
D/dalvikvm( 1451): WAIT_FOR_CONCURRENT_GC blocked 37ms
D/dalvikvm( 1451): GC_CONCURRENT freed 2244K, 9% free 23239K/25520K, paused 3ms+3ms, total 42ms
D/dalvikvm( 1451): WAIT_FOR_CONCURRENT_GC blocked 34ms
D/dalvikvm( 1451): GC_CONCURRENT freed 2114K, 9% free 23429K/25580K, paused 7ms+2ms, total 66ms
D/dalvikvm( 1451): WAIT_FOR_CONCURRENT_GC blocked 59ms
D/dalvikvm( 1451): GC_CONCURRENT freed 2302K, 10% free 23493K/25832K, paused 3ms+2ms, total 43ms
D/dalvikvm( 1451): WAIT_FOR_CONCURRENT_GC blocked 26ms
D/dalvikvm( 1451): GC_CONCURRENT freed 2682K, 11% free 23201K/25920K, paused 4ms+2ms, total 43ms
D/dalvikvm( 1451): WAIT_FOR_CONCURRENT_GC blocked 37ms
D/dalvikvm( 1451): GC_CONCURRENT freed 2291K, 11% free 23201K/25920K, paused 3ms+3ms, total 42ms
D/dalvikvm( 1451): WAIT_FOR_CONCURRENT_GC blocked 30ms
D/dalvikvm( 1451): GC_CONCURRENT freed 2277K, 11% free 23213K/25920K, paused 2ms+2ms, total 41ms
D/dalvikvm( 1451): WAIT_FOR_CONCURRENT_GC blocked 35ms
D/dalvikvm( 1451): GC_CONCURRENT freed 2306K, 11% free 23201K/25920K, paused 3ms+3ms, total 47ms
D/dalvikvm( 1451): WAIT_FOR_CONCURRENT_GC blocked 27ms
D/dalvikvm( 1112): GC_CONCURRENT freed 403K, 4% free 17562K/18152K, paused 2ms+2ms, total 18ms
I/GCoreUlr( 1112): Successfully inserted location
D/dalvikvm( 1112): GC_FOR_ALLOC freed 123K, 4% free 17525K/18152K, paused 13ms, total 13ms
I/GCoreUlr( 1112): Not calling LocationReportingService, hasMoved: false, elapsed millis: 1808219, request: Phone
D/dalvikvm( 1328): GC_CONCURRENT freed 742K, 8% free 18430K/19872K, paused 5ms+4ms, total 47ms
D/dalvikvm( 1328): WAIT_FOR_CONCURRENT_GC blocked 32ms
D/dalvikvm( 1112): GC_CONCURRENT freed 486K, 4% free 17548K/18152K, paused 5ms+2ms, total 39ms
I/GCoreUlr( 1112): Successfully inserted location
D/dalvikvm( 1112): GC_FOR_ALLOC freed 134K, 4% free 17529K/18152K, paused 12ms, total 12ms
I/GCoreUlr( 1112): Not calling LocationReportingService, hasMoved: false, elapsed millis: 1868238, request: Phone
I/Icing.InternalIcingCorporaProvider( 1328): Updating corpora: A: SCORES, C: NONE
D/dalvikvm( 1328): GC_CONCURRENT freed 573K, 8% free 18470K/19872K, paused 3ms+8ms, total 25ms
D/dalvikvm( 1112): GC_CONCURRENT freed 396K, 4% free 17560K/18152K, paused 2ms+1ms, total 17ms
I/GCoreUlr( 1112): Successfully inserted location
D/dalvikvm( 1112): GC_FOR_ALLOC freed 151K, 4% free 17533K/18152K, paused 12ms, total 12ms
I/GCoreUlr( 1112): Not calling LocationReportingService, hasMoved: false, elapsed millis: 1928257, request: Phone
I/PowerManagerService(  777): Waking up from sleep...
I/EntropyMixer(  777): Writing entropy...
