D/PicasaSyncManager(28585): background data: true
D/PicasaUploaderSyncManager(28609): battery info: false
D/PicasaSyncManager(28585): battery info: false
D/dalvikvm(28585): GC_CONCURRENT freed 227K, 2% free 16686K/16952K, paused 1ms+1ms, total 9ms
I/ActivityManager(  777): Killing 27748:com.shinhan.sbanking/u0a123 (adj 15): empty #17
I/EntropyMixer(  777): Writing entropy...
D/PicasaUploaderSyncManager(28609): battery info: true
D/PicasaSyncManager(28585): battery info: true
D/YouTube (24079): apps.youtube.app.prefetch.PrefetchService$DeviceStateReceiver.onReceive:565 Got device state change intent: android.intent.action.ACTION_POWER_CONNECTED
D/YouTube (24079): apps.youtube.app.prefetch.PrefetchService.onStartCommand:167 PrefetchService started at 4 Dec 2013 06:33:19 GMT
D/YouTube (24079): apps.youtube.app.prefetch.PrefetchService.p_:245 Download snapshot restored
D/YouTube (24079): apps.youtube.app.prefetch.PrefetchService.onDestroy:215 PrefetchService destroyed at 4 Dec 2013 06:33:19 GMT
D/MtpService( 5190): updating state; isCurrentUser=true, mMtpLocked=false
D/MtpService( 5190): addStorageLocked 65537 /storage/emulated/0
D/MtpService( 5190): updating state; isCurrentUser=true, mMtpLocked=false
D/MtpService( 5190): starting MTP server in MTP mode
D/MtpService( 5190): addStorageLocked 65537 /storage/emulated/0
W/GAV2    (28585): Thread[GAThread,5,main]: Service unavailable (code=1), will retry.
W/ActivityManager(  777): Unable to start service Intent { act=com.google.android.gms.analytics.service.START cmp=com.google.android.gms/.analytics.service.AnalyticsService (has extras) } U=0: not found
I/GAV2    (28585): Thread[GAThread,5,main]: No campaign data found.
D/dalvikvm( 1112): GC_CONCURRENT freed 490K, 4% free 17576K/18152K, paused 6ms+1ms, total 18ms
D/dalvikvm( 1112): WAIT_FOR_CONCURRENT_GC blocked 12ms
D/dalvikvm(  777): GC_EXPLICIT freed 1629K, 19% free 40328K/49564K, paused 2ms+5ms, total 72ms
I/GCoreUlr( 1112): Successfully inserted location
I/GCoreUlr( 1112): Not calling LocationReportingService, hasMoved: false, elapsed millis: 1971344, request: Phone
W/GAV2    (28585): Thread[Service Reconnect,5,main]: Service unavailable (code=1), using local store.
W/ActivityManager(  777): Unable to start service Intent { act=com.google.android.gms.analytics.service.START cmp=com.google.android.gms/.analytics.service.AnalyticsService (has extras) } U=0: not found
D/dalvikvm( 1112): GC_CONCURRENT freed 400K, 3% free 17688K/18152K, paused 14ms+4ms, total 49ms
D/dalvikvm( 1112): WAIT_FOR_CONCURRENT_GC blocked 23ms
D/dalvikvm( 1112): GC_CONCURRENT freed 560K, 4% free 17517K/18152K, paused 3ms+8ms, total 25ms
D/audio_hw_primary(  183): select_devices: out_snd_device(2: speaker) in_snd_device(0: )
W/InputEventReceiver(27861): Attempted to finish an input event but the input event receiver has already been disposed.
W/InputMethodManagerService(  777): Window already focused, ignoring focus gain of: com.android.internal.view.IInputMethodClient$Stub$Proxy@42f37850 attribute=null, token = android.os.BinderProxy@42e64908
D/ConnectivityService(  777): Sampling interval elapsed, updating statistics ..
D/ConnectivityService(  777): Done.
D/ConnectivityService(  777): Setting timer for 720seconds
D/dalvikvm( 1112): GC_CONCURRENT freed 481K, 4% free 17548K/18152K, paused 2ms+1ms, total 40ms
D/dalvikvm( 1112): WAIT_FOR_CONCURRENT_GC blocked 6ms
I/GCoreUlr( 1112): Successfully inserted location
I/GCoreUlr( 1112): Not calling LocationReportingService, hasMoved: false, elapsed millis: 2031369, request: Phone
V/QcrilMsgTunnelSocket( 2290): After reading offset = 0 remaining = 4 countRead = 4
D/QcrilMsgTunnelSocket( 2290): messageLength extracted from first 4 inputStream reads = 29
V/QcrilMsgTunnelSocket( 2290): offset = 0 remaining = 29 countRead = 0
V/QcrilMsgTunnelSocket( 2290): offset = 0 remaining = 29 countRead = 29
D/QcrilMsgTunnelSocket( 2290): readRilMessage: Buffer = [B@42595fa0 HexData = [0100000004040000110000005155414c434f4d4def0308000100000000]
V/QcrilMsgTunnelSocket( 2290): Read packet: 29 bytes. Data Available = 32 Position = 0
D/QcrilMsgTunnelSocket( 2290): processResponse. message type = 1. Data Available = 28
D/QcrilMsgTunnelSocket( 2290): ByteArray from parcel = 5155414c434f4d4def0308000100000000
D/QcrilMsgTunnelSocket( 2290): Received RIL_UNSOL_OEM_HOOK_RAW message
D/QcrilMsgTunnelSocket( 2290): Oem ID in RIL_UNSOL_OEM_HOOK_RAW is QUALCOMM
D/QcrilMsgTunnelSocket( 2290): OEM ID check Passed
D/QcrilMsgTunnelSocket( 2290): Response ID in RIL_UNSOL_OEM_HOOK_RAW is 525295
D/QcrilMsgTunnelSocket( 2290): Response ID 525295is not served in this process.
D/QcrilMsgTunnelSocket( 2290): To broadcast an Intent via the notifier to external apps
V/QcrilMsgTunnelSocket( 2290): Before reading offset = 0 remaining = 4 countRead = 0
D/QcrilMsgTunnelIfaceManager( 2290): handleMessage what=0
D/QcrilMsgTunnelIfaceManager( 2290): Broadcasting intent ACTION_UNSOL_RESPONSE_OEM_HOOK_RAW
D/dalvikvm(  984): GC_CONCURRENT freed 420K, 4% free 17057K/17608K, paused 2ms+1ms, total 32ms
I/Exchange( 2126): Ping expired for account 1
I/ActivityManager(  777): Start proc com.google.android.email for content provider com.google.android.email/com.android.email.provider.EmailProvider: pid=28783 uid=10038 gids={50038, 3003, 1028, 1015}
D/ActivityThread(28783): Loading provider com.google.android.email.provider;com.google.android.email.notifier: com.android.email.provider.EmailProvider
D/dalvikvm(28783): GC_CONCURRENT freed 253K, 2% free 16471K/16764K, paused 2ms+1ms, total 14ms
D/ActivityThread(28783): Loading provider com.google.android.email.provider;com.google.android.email.notifier: com.android.email.provider.EmailProvider
I/Email   (28783): Registering for notifications for account 1
D/dalvikvm(28783): GC_CONCURRENT freed 233K, 2% free 16652K/16924K, paused 1ms+3ms, total 12ms
D/dalvikvm(28783): GC_CONCURRENT freed 292K, 2% free 16749K/17080K, paused 2ms+1ms, total 12ms
I/NotifUtils(28783): Validating Notification, mapSize: 1 getAttention: true
D/dalvikvm( 2126): GC_CONCURRENT freed 391K, 3% free 16612K/17096K, paused 1ms+1ms, total 9ms
D/dalvikvm(  777): GC_EXPLICIT freed 1132K, 19% free 40310K/49564K, paused 3ms+5ms, total 74ms
I/NotifUtils(28783): Notifications are disabled for this folder; not notifying
I/Email   (28783): Observing account changes for notifications
D/dalvikvm( 1112): GC_CONCURRENT freed 506K, 4% free 17554K/18152K, paused 7ms+2ms, total 51ms
D/dalvikvm( 1112): WAIT_FOR_CONCURRENT_GC blocked 9ms
D/dalvikvm( 1112): GC_CONCURRENT freed 465K, 4% free 17535K/18152K, paused 2ms+2ms, total 25ms
I/GCoreUlr( 1112): Successfully inserted location
I/GCoreUlr( 1112): Not calling LocationReportingService, hasMoved: false, elapsed millis: 2091343, request: Phone
D/dalvikvm( 1112): GC_CONCURRENT freed 465K, 4% free 17582K/18152K, paused 2ms+10ms, total 48ms
D/dalvikvm( 1112): WAIT_FOR_CONCURRENT_GC blocked 8ms
D/dalvikvm( 1112): WAIT_FOR_CONCURRENT_GC blocked 4ms
I/GCoreUlr( 1112): Successfully inserted location
D/dalvikvm( 1112): GC_FOR_ALLOC freed 97K, 4% free 17521K/18152K, paused 11ms, total 12ms
I/GCoreUlr( 1112): Not calling LocationReportingService, hasMoved: false, elapsed millis: 2151425, request: Phone
D/dalvikvm( 1112): GC_CONCURRENT freed 397K, 3% free 17635K/18152K, paused 3ms+1ms, total 21ms
D/dalvikvm( 1112): WAIT_FOR_CONCURRENT_GC blocked 4ms
D/AndroidRuntime(28900): 
D/AndroidRuntime(28900): >>>>>> AndroidRuntime START com.android.internal.os.RuntimeInit <<<<<<
D/AndroidRuntime(28900): CheckJNI is OFF
D/dalvikvm(28900): Trying to load lib libjavacore.so 0x0
D/dalvikvm(28900): Added shared lib libjavacore.so 0x0
D/dalvikvm(28900): Trying to load lib libnativehelper.so 0x0
D/dalvikvm(28900): Added shared lib libnativehelper.so 0x0
D/dalvikvm(28900): No JNI_OnLoad found in libnativehelper.so 0x0, skipping init
D/dalvikvm(28900): Note: class Landroid/app/ActivityManagerNative; has 179 unimplemented (abstract) methods
D/AndroidRuntime(28900): Calling main entry com.android.commands.pm.Pm
I/ActivityManager(  777): Start proc com.android.defcontainer for service com.android.defcontainer/.DefaultContainerService: pid=28918 uid=10004 gids={50004, 1028, 1015, 1023, 2001, 1035}
D/Finsky  ( 5105): [1] PackageVerificationReceiver.onReceive: Verification requested, id = 2
D/Finsky  ( 5105): [1] WorkerTask.onPreExecute: Verification Requested for id = 2, data=file:///data/local/tmp/com.haneul.bitcurrency flags=114 fromVerificationActivity=false
W/ActivityManager(  777): No content provider found for permission revoke: file:///data/local/tmp/com.haneul.bitcurrency
I/dalvikvm( 5105): Jit: resizing JitTable from 8192 to 16384
D/Finsky  ( 5105): [1] 2.onResponse: Verification id=2 response=0
D/Finsky  ( 5105): [1] PackageVerificationReceiver.onReceive: Verification requested, id = 2
W/ActivityManager(  777): No content provider found for permission revoke: file:///data/local/tmp/com.haneul.bitcurrency
I/PackageManager(  777): Copying native libraries to /data/app-lib/vmdl1900308532
I/ActivityManager(  777): Force stopping com.haneul.bitcurrency appid=10136 user=-1: uninstall pkg
I/ActivityManager(  777): Killing 27861:com.haneul.bitcurrency/u0a136 (adj 0): stop com.haneul.bitcurrency
W/ActivityManager(  777): Force removing ActivityRecord{42bed2e8 u0 com.haneul.bitcurrency/.MainActivity t14}: app died, no saved state
I/WindowState(  777): WIN DEATH: Window{42e49330 u0 com.haneul.bitcurrency/com.haneul.bitcurrency.MainActivity}
I/PackageManager(  777): Running dexopt on: com.haneul.bitcurrency
I/PackageManager(  777): Package com.haneul.bitcurrency codePath changed from /data/app/com.haneul.bitcurrency-1.apk to /data/app/com.haneul.bitcurrency-2.apk; Retaining data and using new
V/SearchControllerCache( 1328): creating SearchController
W/InputMethodManagerService(  777): Got RemoteException sending setActive(false) notification to pid 27861 uid 10136
W/Binder  (  955): Caught a RuntimeException from the binder stub implementation.
W/Binder  (  955): java.lang.NullPointerException
W/Binder  (  955): 	at android.inputmethodservice.IInputMethodWrapper.setSessionEnabled(IInputMethodWrapper.java:280)
W/Binder  (  955): 	at com.android.internal.view.IInputMethod$Stub.onTransact(IInputMethod.java:129)
W/Binder  (  955): 	at android.os.Binder.execTransact(Binder.java:404)
W/Binder  (  955): 	at dalvik.system.NativeStart.run(Native Method)
V/SearchControllerCache( 1328): disposing SearchController
D/dalvikvm(28933): DexOpt: load 48ms, verify+opt 315ms, 1423796 bytes
W/PackageManager(  777): Code path for pkg : com.haneul.bitcurrency changing from /data/app/com.haneul.bitcurrency-1.apk to /data/app/com.haneul.bitcurrency-2.apk
I/ActivityManager(  777): Force stopping com.haneul.bitcurrency appid=10136 user=-1: update pkg
W/PackageManager(  777): Resource path for pkg : com.haneul.bitcurrency changing from /data/app/com.haneul.bitcurrency-1.apk to /data/app/com.haneul.bitcurrency-2.apk
I/ActivityManager(  777): Force stopping com.haneul.bitcurrency appid=10136 user=0: pkg removed
D/dalvikvm( 1027): GC_EXPLICIT freed 1599K, 13% free 59743K/68640K, paused 1ms+14ms, total 51ms
D/dalvikvm( 1328): GC_EXPLICIT freed 485K, 8% free 18339K/19872K, paused 2ms+2ms, total 33ms
I/InputReader(  777): Reconfiguring input devices.  changes=0x00000010
I/dalvikvm(28955): Enabling JNI app bug workarounds for target SDK version 8...
I/ActivityManager(  777): Start proc com.shinhan.sbanking for broadcast com.shinhan.sbanking/com.gaia.firewall.android.DacDlpStartupReceiver: pid=28955 uid=10123 gids={50123, 3003, 1028, 1015}
D/dalvikvm( 5105): GC_EXPLICIT freed 2905K, 18% free 33712K/41004K, paused 1ms+43ms, total 115ms
D/dalvikvm(  777): GC_EXPLICIT freed 4642K, 20% free 39793K/49564K, paused 3ms+10ms, total 99ms
I/MOBIKIT (28955): get received broad action: intent.getAction()=android.intent.action.PACKAGE_REMOVED
I/MOBIKIT (28955): The service is creating
D/EXT_FIREWALL(28955): created AppConfig
I/ActivityManager(  777): Start proc com.android.keychain for broadcast com.android.keychain/.KeyChainBroadcastReceiver: pid=28984 uid=1000 gids={41000, 1028, 1015, 3002, 3001, 3003}
I/EXT_FIREWALL(28955): Configuration loaded
I/EXT_FIREWALL(28955): service listener started: serviceFullName=Dd
D/EXT_FIREWALL(28955): test ctx=android.app.ContextImpl@4259b2f8
D/EXT_FIREWALL(28955): getDbFile=/data/data/com.shinhan.sbanking/databases/mobikit_db
D/EXT_FIREWALL(28955): lastVersion=1, updateVer=1
I/EXT_FIREWALL(28955): The service is initialising...
D/EXT_FIREWALL(28955): Build.MANUFACTURER=LGE
I/EXT_FIREWALL(28955): Logcat monitor will not start
I/EXT_FIREWALL(28955): load app cache list
D/EXT_FIREWALL(28955): test ctx=com.gaia.firewall.android.BaseService@4259ad80
D/EXT_FIREWALL(28955): getDbFile=/data/data/com.shinhan.sbanking/databases/mobikit_db
D/EXT_FIREWALL(28955): try to open db: /data/data/com.shinhan.sbanking/databases/mobikit_db: is exists? =true
D/dalvikvm(  181): GC_EXPLICIT freed 42K, 1% free 16339K/16420K, paused 1ms+1ms, total 14ms
D/dalvikvm( 1010): GC_CONCURRENT freed 482K, 4% free 16875K/17420K, paused 1ms+1ms, total 24ms
D/dalvikvm( 1010): WAIT_FOR_CONCURRENT_GC blocked 18ms
D/dalvikvm(  181): GC_EXPLICIT freed <1K, 1% free 16339K/16420K, paused 1ms+1ms, total 12ms
D/EXT_FIREWALL(28955): AppDao loadapp=Sound Search for Google Play, pkg=com.google.android.ears
D/EXT_FIREWALL(28955): AppDao loadapp=com.qualcomm.timeservice, pkg=com.qualcomm.timeservice
D/EXT_FIREWALL(28955): AppDao loadapp=Package Access Helper, pkg=com.android.defcontainer
D/EXT_FIREWALL(28955): AppDao loadapp=Exchange Services, pkg=com.google.android.exchange
D/EXT_FIREWALL(28955): AppDao loadapp=Contacts, pkg=com.android.contacts
D/EXT_FIREWALL(28955): AppDao loadapp=com.android.providers.partnerbookmarks, pkg=com.android.providers.partnerbookmarks
D/EXT_FIREWALL(28955): AppDao loadapp=Sun Beam, pkg=com.android.phasebeamorange
D/EXT_FIREWALL(28955): AppDao loadapp=Phone, pkg=com.android.phone
D/EXT_FIREWALL(28955): AppDao loadapp=LINE, pkg=jp.naver.line.android
D/EXT_FIREWALL(28955): AppDao loadapp=Calculator, pkg=com.android.calculator2
D/EXT_FIREWALL(28955): AppDao loadapp=, pkg=com.tmon
D/EXT_FIREWALL(28955): AppDao loadapp=Wallet, pkg=com.google.android.apps.walletnfcrel
D/EXT_FIREWALL(28955): AppDao loadapp=M-Stock Smart, pkg=com.miraeasset.mstock
D/EXT_FIREWALL(28955): AppDao loadapp=HTML Viewer, pkg=com.android.htmlviewer
D/EXT_FIREWALL(28955): AppDao loadapp= , pkg=com.hotdog.tinybattle
D/EXT_FIREWALL(28955): AppDao loadapp=AirDroid, pkg=com.sand.airdroid
D/EXT_FIREWALL(28955): AppDao loadapp=Google Account Manager, pkg=com.google.android.gsf.login
D/EXT_FIREWALL(28955): AppDao loadapp=Cell Broadcasts, pkg=com.android.cellbroadcastreceiver
D/EXT_FIREWALL(28955): AppDao loadapp=Calendar Storage, pkg=com.android.providers.calendar
D/EXT_FIREWALL(28955): AppDao loadapp=Bluetooth Share, pkg=com.android.bluetooth
D/EXT_FIREWALL(28955): AppDao loadapp=LinkedIn, pkg=com.linkedin.android
D/EXT_FIREWALL(28955): AppDao loadapp=Email, pkg=com.google.android.email
D/EXT_FIREWALL(28955): AppDao loadapp=BofA, pkg=com.infonow.bofa
D/EXT_FIREWALL(28955): AppDao loadapp=One Time Init, pkg=com.android.onetimeinitializer
D/EXT_FIREWALL(28955): AppDao loadapp=Foursquare, pkg=com.joelapenna.foursquared
D/EXT_FIREWALL(28955): AppDao loadapp=, pkg=com.nhn.android.wingspoon
D/EXT_FIREWALL(28955): AppDao loadapp=Downloads, pkg=com.android.providers.downloads.ui
D/EXT_FIREWALL(28955): AppDao loadapp=Documents, pkg=com.android.documentsui
D/EXT_FIREWALL(28955): AppDao loadapp=com.android.sharedstoragebackup, pkg=com.android.sharedstoragebackup
D/EXT_FIREWALL(28955): AppDao loadapp=VpnDialogs, pkg=com.android.vpndialogs
D/EXT_FIREWALL(28955): AppDao loadapp=Media Storage, pkg=com.android.providers.media
D/EXT_FIREWALL(28955): AppDao loadapp=TalkBack, pkg=com.google.android.marvin.talkback
D/EXT_FIREWALL(28955): AppDao loadapp=Certificate Installer, pkg=com.android.certinstaller
D/EXT_FIREWALL(28955): AppDao loadapp=iWnnIME Keyboard (White), pkg=jp.co.omronsoft.iwnnime.ml.kbd.white
D/EXT_FIREWALL(28955): AppDao loadapp=gStrings, pkg=org.cohortor.gstrings
D/EXT_FIREWALL(28955): AppDao loadapp=Clock, pkg=com.google.android.deskclock
D/EXT_FIREWALL(28955): AppDao loadapp=Google Play services, pkg=com.google.android.gms
D/EXT_FIREWALL(28955): AppDao loadapp=m.UW, pkg=com.blackboard.android.central.uwash
D/EXT_FIREWALL(28955): AppDao loadapp=Setup Wizard, pkg=com.google.android.setupwizard
D/EXT_FIREWALL(28955): AppDao loadapp=Settings, pkg=com.android.settings
D/EXT_FIREWALL(28955): AppDao loadapp=Update Device, pkg=com.redbend.vdmc
D/EXT_FIREWALL(28955): AppDao loadapp=Flashlight, pkg=com.devuni.flashlight
D/EXT_FIREWALL(28955): AppDao loadapp=Street View, pkg=com.google.android.street
D/EXT_FIREWALL(28955): AppDao loadapp=Dragon Flight, pkg=com.NextFloor.DragonFlightKakao
D/EXT_FIREWALL(28955): AppDao loadapp=News & Weather, pkg=com.google.android.apps.genie.geniewidget
D/EXT_FIREWALL(28955): AppDao loadapp=HP Print Service Plugin, pkg=com.hp.android.printservice
D/EXT_FIREWALL(28955): AppDao loadapp=Google Search, pkg=com.google.android.googlequicksearchbox
D/EXT_FIREWALL(28955): AppDao loadapp=Facebook, pkg=com.facebook.katana
D/EXT_FIREWALL(28955): AppDao loadapp=Google Play Music, pkg=com.google.android.music
D/EXT_FIREWALL(28955): AppDao loadapp=Google Hindi Input, pkg=com.google.android.apps.inputmethod.hindi
D/EXT_FIREWALL(28955): AppDao loadapp=Live Wallpaper Picker, pkg=com.android.wallpaper.livepicker
D/EXT_FIREWALL(28955): AppDao loadapp=, pkg=com.wemakeprice
D/EXT_FIREWALL(28955): AppDao loadapp=Google Keyboard, pkg=com.google.android.inputmethod.latin
D/EXT_FIREWALL(28955): AppDao loadapp=Package installer, pkg=com.android.packageinstaller
D/EXT_FIREWALL(28955): AppDao loadapp=Google Text-to-speech Engine, pkg=com.google.android.tts
D/EXT_FIREWALL(28955): AppDao loadapp=Phone/Messaging Storage, pkg=com.android.providers.telephony
D/EXT_FIREWALL(28955): AppDao loadapp=Anipang, pkg=com.sundaytoz.mobile.anipang.google.service
D/EXT_FIREWALL(28955): AppDao loadapp=Maps, pkg=com.google.android.apps.maps
D/EXT_FIREWALL(28955): AppDao loadapp=Cloud Print, pkg=com.google.android.apps.cloudprint
D/EXT_FIREWALL(28955): AppDao loadapp=com.android.backupconfirm, pkg=com.android.backupconfirm
D/EXT_FIREWALL(28955): AppDao loadapp=Fused Location, pkg=com.android.location.fused
D/EXT_FIREWALL(28955): AppDao loadapp=com.android.wallpapercropper, pkg=com.android.wallpapercropper
D/EXT_FIREWALL(28955): AppDao loadapp=Settings Storage, pkg=com.android.providers.settings
D/EXT_FIREWALL(28955): AppDao loadapp=  , pkg=com.nhn.android.naverplayer
D/EXT_FIREWALL(28955): AppDao loadapp=iWnn IME, pkg=jp.co.omronsoft.iwnnime.ml
D/EXT_FIREWALL(28955): AppDao loadapp=LINE camera, pkg=jp.naver.linecamera.android
D/EXT_FIREWALL(28955): AppDao loadapp=Launcher, pkg=com.google.android.launcher
D/EXT_FIREWALL(28955): AppDao loadapp=Drive, pkg=com.google.android.apps.docs
D/EXT_FIREWALL(28955): AppDao loadapp=com.qualcomm.qcrilmsgtunnel, pkg=com.qualcomm.qcrilmsgtunnel
D/EXT_FIREWALL(28955): AppDao loadapp=Download Manager, pkg=com.android.providers.downloads
D/EXT_FIREWALL(28955): AppDao loadapp=com.android.browser.provider, pkg=com.android.browser.provider
D/EXT_FIREWALL(28955): AppDao loadapp=Chase, pkg=com.chase.sig.android
D/EXT_FIREWALL(28955): AppDao loadapp=MusicFX, pkg=com.android.musicfx
D/EXT_FIREWALL(28955): AppDao loadapp=Google Play Books, pkg=com.google.android.apps.books
D/EXT_FIREWALL(28955): AppDao loadapp=Google Voice, pkg=com.google.android.apps.googlevoice
D/EXT_FIREWALL(28955): AppDao loadapp=Carat, pkg=edu.berkeley.cs.amplab.carat.android
D/EXT_FIREWALL(28955): AppDao loadapp=, pkg=com.coupang.mobile
D/EXT_FIREWALL(28955): AppDao loadapp=KakaoTalk, pkg=com.kakao.talk
D/EXT_FIREWALL(28955): AppDao loadapp=Google Play Movies & TV, pkg=com.google.android.videos
D/EXT_FIREWALL(28955): AppDao loadapp=com.lge.update, pkg=com.lge.update
D/EXT_FIREWALL(28955): AppDao loadapp=Pano Tuner, pkg=com.soundlim.panotuner
D/EXT_FIREWALL(28955): AppDao loadapp=Google Pinyin, pkg=com.google.android.inputmethod.pinyin
D/EXT_FIREWALL(28955): AppDao loadapp=droid VNC server, pkg=org.onaips.vnc
D/EXT_FIREWALL(28955): AppDao loadapp=Google One Time Init, pkg=com.google.android.onetimeinitializer
D/EXT_FIREWALL(28955): AppDao loadapp=Gallery, pkg=com.google.android.gallery3d
D/EXT_FIREWALL(28955): AppDao loadapp=Smart , pkg=com.shinhancard.smartshinhan
D/EXT_FIREWALL(28955): AppDao loadapp=Google Partner Setup, pkg=com.google.android.partnersetup
D/EXT_FIREWALL(28955): AppDao loadapp=JOARA, pkg=com.joara.mobile
D/EXT_FIREWALL(28955): AppDao loadapp=ProxyHandler, pkg=com.android.proxyhandler
D/EXT_FIREWALL(28955): AppDao loadapp=Input Devices, pkg=com.android.inputdevices
D/EXT_FIREWALL(28955): AppDao loadapp=feedly, pkg=com.devhd.feedly
D/EXT_FIREWALL(28955): AppDao loadapp=Market Feedback Agent, pkg=com.google.android.feedback
D/EXT_FIREWALL(28955): AppDao loadapp=Lync 2010, pkg=com.microsoft.office.lync
D/EXT_FIREWALL(28955): AppDao loadapp=Hangouts, pkg=com.google.android.talk
D/EXT_FIREWALL(28955): AppDao loadapp=Nfc Service, pkg=com.android.nfc
D/EXT_FIREWALL(28955): AppDao loadapp=WhatsApp, pkg=com.whatsapp
D/EXT_FIREWALL(28955): AppDao loadapp=SIM Toolkit, pkg=com.android.stk
D/EXT_FIREWALL(28955): AppDao loadapp=com.qualcomm.shutdownlistner, pkg=com.qualcomm.shutdownlistner
D/EXT_FIREWALL(28955): AppDao loadapp=Fancy, pkg=com.thefancy.app
D/EXT_FIREWALL(28955): AppDao loadapp=User Dictionary, pkg=com.android.providers.userdictionary
D/EXT_FIREWALL(28955): AppDao loadapp=ConfigUpdater, pkg=com.google.android.configupdater
D/EXT_FIREWALL(28955): AppDao loadapp=Google Korean keyboard, pkg=com.google.android.inputmethod.korean
D/EXT_FIREWALL(28955): AppDao loadapp=SomNote, pkg=com.somcloud.somnote
D/EXT_FIREWALL(28955): AppDao loadapp=JuiceSSH, pkg=com.sonelli.juicessh
D/EXT_FIREWALL(28955): AppDao loadapp=Twitter, pkg=com.twitter.android
D/EXT_FIREWALL(28955): AppDao loadapp=KakaoStory, pkg=com.kakao.story
D/EXT_FIREWALL(28955): AppDao loadapp=PacProcessor, pkg=com.android.pacprocessor
D/EXT_FIREWALL(28955): AppDao loadapp=Spanish, pkg=com.babbel.mobile.android.es
D/EXT_FIREWALL(28955): AppDao loadapp=Skype, pkg=com.skype.raider
D/EXT_FIREWALL(28955): AppDao loadapp=Google Dialer, pkg=com.google.android.dialer
D/EXT_FIREWALL(28955): AppDao loadapp=Viber, pkg=com.viber.voip
D/EXT_FIREWALL(28955): AppDao loadapp=Messenger, pkg=com.facebook.orca
D/EXT_FIREWALL(28955): AppDao loadapp=Quickoffice, pkg=com.quickoffice.android
D/EXT_FIREWALL(28955): AppDao loadapp=LINE Birzzle, pkg=jp.naver.sklinebirzzle
D/EXT_FIREWALL(28955): AppDao loadapp=OneBusAway, pkg=com.joulespersecond.seattlebusbot
D/EXT_FIREWALL(28955): AppDao loadapp=Keep, pkg=com.google.android.keep
D/EXT_FIREWALL(28955): AppDao loadapp=Print Spooler, pkg=com.android.printspooler
D/EXT_FIREWALL(28955): AppDao loadapp=Android System, pkg=android
D/EXT_FIREWALL(28955): AppDao loadapp=, pkg=kr.co.madsmart.gureum
D/EXT_FIREWALL(28955): AppDao loadapp=Contacts Storage, pkg=com.android.providers.contacts
D/EXT_FIREWALL(28955): AppDao loadapp=External Storage, pkg=com.android.externalstorage
D/EXT_FIREWALL(28955): AppDao loadapp=Picasa Uploader, pkg=com.google.android.apps.uploader
D/EXT_FIREWALL(28955): AppDao loadapp=Translate, pkg=com.google.android.apps.translate
D/EXT_FIREWALL(28955): AppDao loadapp=Basic Daydreams, pkg=com.android.dreams.basic
D/EXT_FIREWALL(28955): AppDao loadapp=Ingress, pkg=com.nianticproject.ingress
D/EXT_FIREWALL(28955): AppDao loadapp=, pkg=com.linktomorrow.candypang
D/dalvikvm(  181): GC_EXPLICIT freed <1K, 1% free 16339K/16420K, paused 1ms+2ms, total 11ms
D/EXT_FIREWALL(28955): AppDao loadapp=Google Reader, pkg=com.google.android.apps.reader
D/EXT_FIREWALL(28955): AppDao loadapp=Google+, pkg=com.google.android.apps.plus
D/EXT_FIREWALL(28955): AppDao loadapp=Google Play Store, pkg=com.android.vending
D/EXT_FIREWALL(28955): AppDao loadapp=Google Play Games, pkg=com.google.android.play.games
D/EXT_FIREWALL(28955): AppDao loadapp=System UI, pkg=com.android.systemui
D/EXT_FIREWALL(28955): AppDao loadapp=Key Chain, pkg=com.android.keychain
D/EXT_FIREWALL(28955): AppDao loadapp=Firefox Beta, pkg=org.mozilla.firefox_beta
D/EXT_FIREWALL(28955): AppDao loadapp=Gmail, pkg=com.google.android.gm
D/EXT_FIREWALL(28955): AppDao loadapp=Tags, pkg=com.google.android.tag
D/EXT_FIREWALL(28955): AppDao loadapp=NAVER, pkg=com.nhn.android.search
D/EXT_FIREWALL(28955): AppDao loadapp=Camera, pkg=com.google.android.GoogleCamera
D/EXT_FIREWALL(28955): AppDao loadapp=Google Play Magazines, pkg=com.google.android.apps.magazines
D/EXT_FIREWALL(28955): AppDao loadapp=YouTube, pkg=com.google.android.youtube
D/EXT_FIREWALL(28955): AppDao loadapp=Earth, pkg=com.google.earth
D/EXT_FIREWALL(28955): AppDao loadapp=Google Services Framework, pkg=com.google.android.gsf
D/EXT_FIREWALL(28955): AppDao loadapp=com.android.keyguard, pkg=com.android.keyguard
D/EXT_FIREWALL(28955): AppDao loadapp=Calendar, pkg=com.google.android.calendar
D/EXT_FIREWALL(28955): AppDao loadapp=Face Unlock, pkg=com.android.facelock
D/EXT_FIREWALL(28955): AppDao loadapp=Chrome, pkg=com.android.chrome
D/EXT_FIREWALL(28955): AppDao loadapp=Shell, pkg=com.android.shell
D/EXT_FIREWALL(28955): AppDao loadapp=SomTodo, pkg=com.somcloud.somtodo
D/EXT_FIREWALL(28955): AppDao loadapp=Service Programu, pkg=com.lge.SprintHiddenMenu
D/EXT_FIREWALL(28955): AppDao loadapp=Google Contacts Sync, pkg=com.google.android.syncadapters.contacts
D/EXT_FIREWALL(28955): AppDao loadapp=Google Backup Transport, pkg=com.google.android.backup
D/EXT_FIREWALL(28955): AppDao loadapp=Amazon, pkg=com.amazon.mShop.android
D/EXT_FIREWALL(28955): AppDao loadapp=SPG, pkg=com.starwood.spg
D/EXT_FIREWALL(28955): AppDao loadapp=Amex, pkg=com.americanexpress.android.acctsvcs.us
D/EXT_FIREWALL(28955): AppDao loadapp=Flashlight, pkg=com.surpax.ledflashlight.panel
D/EXT_FIREWALL(28955): AppDao loadapp=Authy, pkg=com.authy.authy
D/EXT_FIREWALL(28955): AppDao loadapp=Coinbase, pkg=com.coinbase.android
D/EXT_FIREWALL(28955): AppDao loadapp=Bitcoin Widget, pkg=st.brothas.mtgoxwidget
D/EXT_FIREWALL(28955): AppDao loadapp=Twitch, pkg=tv.twitch.android.viewer
D/EXT_FIREWALL(28955): AppDao loadapp=reddit is fun, pkg=com.andrewshu.android.reddit
D/EXT_FIREWALL(28955): AppDao loadapp=BitCurrency, pkg=com.haneul.bitcurrency
D/EXT_FIREWALL(28955): AppDao loadapp=Simple Bitcoin Widget, pkg=com.brentpanther.bitcoinwidget
D/EXT_FIREWALL(28955): AppDao loadapp=Bitcoin Ticker Widget, pkg=ws.websca.bitcointicker
I/EXT_FIREWALL(28955): The service is initialised
D/EXT_FIREWALL(28955): onHandleIntent: intent=Intent { dat=package:com.haneul.bitcurrency cmp=com.shinhan.sbanking/com.gaia.firewall.android.BaseService (has extras) }
I/EXT_FIREWALL(28955): The service gets start command: intent=Intent { dat=package:com.haneul.bitcurrency cmp=com.shinhan.sbanking/com.gaia.firewall.android.BaseService (has extras) }
D/EXT_FIREWALL(28955):  start command intent extras: extras=Bundle[mParcelledData.dataSize=588]
D/EXT_FIREWALL(28955): {android.intent.extra.REMOVED_FOR_ALL_USERS=false,EXTRA_COMMAND=19,android.intent.extra.UID=10136,android.intent.extra.DATA_REMOVED=false,android.intent.extra.REPLACING=true,EXTRA_ACTION=android.intent.action.PACKAGE_REMOVED,android.intent.extra.user_handle=0,}
D/EXT_FIREWALL(28955): package removed: isReplacing=true
D/EXT_FIREWALL(28955): APPMONITOR: get command: 19
I/EXT_FIREWALL(28955): The service is on destroying...
D/EXT_FIREWALL(28955): test ctx=com.gaia.firewall.android.BaseService@4259ad80
D/EXT_FIREWALL(28955): getDbFile=/data/data/com.shinhan.sbanking/databases/mobikit_db
D/EXT_FIREWALL(28955): try to open db: /data/data/com.shinhan.sbanking/databases/mobikit_db: is exists? =true
I/EXT_FIREWALL(28955): all app cache info's changes are commited!
I/EXT_FIREWALL(28955): The service is destroying
I/EXT_FIREWALL(28955): The service is destroyed!
I/InputReader(  777): Reconfiguring input devices.  changes=0x00000010
W/ContextImpl(28984): Calling a method in the system process without a qualified user: android.app.ContextImpl.startService:1479 android.content.ContextWrapper.startService:494 android.content.ContextWrapper.startService:494 com.android.keychain.KeyChainBroadcastReceiver.onReceive:12 android.app.ActivityThread.handleReceiver:2400 
D/SystemBroadcastService( 2201): Received broadcast action=android.intent.action.PACKAGE_REMOVED and uri=
V/GelStubAppWatcher( 1328): onReceive: android.intent.action.PACKAGE_REMOVED
I/ActivityManager(  777): Killing 27976:com.google.android.apps.magazines/u0a58 (adj 15): empty #17
W/Launcher( 1027): setApplicationContext called twice! old=com.google.android.velvet.VelvetApplication@42595bf8 new=com.google.android.velvet.VelvetApplication@42595bf8
D/BackupManagerService(  777): Received broadcast Intent { act=android.intent.action.PACKAGE_REMOVED dat=package:com.haneul.bitcurrency flg=0x4000010 (has extras) }
E/AppsCustomizePagedView( 1027): Widget ComponentInfo{com.nhn.android.search/com.nhn.android.search.ui.widget.Search5x1WidgetProvider} can not fit on this device (1104, 120)
E/AppsCustomizePagedView( 1027): Widget ComponentInfo{com.nhn.android.search/com.nhn.android.search.ui.widget.SearchKeyword5x1WidgetProvider} can not fit on this device (1104, 120)
E/AppsCustomizePagedView( 1027): Widget ComponentInfo{com.nhn.android.search/com.nhn.android.search.ui.widget.SearchPweExtend5x2WidgetProvider} can not fit on this device (1104, 330)
E/AppsCustomizePagedView( 1027): Widget ComponentInfo{com.nhn.android.search/com.nhn.android.search.ui.widget.SearchExtend5x2WidgetProvider} can not fit on this device (1104, 330)
E/AppsCustomizePagedView( 1027): Widget ComponentInfo{com.nhn.android.search/com.nhn.android.search.ui.widget.SearchShortcut5x5WidgetProvider} can not fit on this device (1104, 1104)
D/BackupManagerService(  777): Received broadcast Intent { act=android.intent.action.PACKAGE_ADDED dat=package:com.haneul.bitcurrency flg=0x4000010 (has extras) }
V/BackupManagerService(  777): removePackageParticipantsLocked: uid=10136 #1
V/BackupManagerService(  777): addPackageParticipantsLocked: #1
I/ActivityManager(  777): Start proc com.facebook.katana:dash for broadcast com.facebook.katana/com.facebook.dash.receivers.DashPackageUninstallReceiver: pid=29002 uid=10078 gids={50078, 1028, 1015, 3003}
E/AppsCustomizePagedView( 1027): Widget ComponentInfo{com.devhd.feedly/com.devhd.feedly.widget.FeedlyWidgetProvider_4_1} has invalid dimensions (0, 0)
D/dalvikvm(  777): GC_EXPLICIT freed 622K, 20% free 39717K/49564K, paused 3ms+10ms, total 236ms
D/AndroidRuntime(28900): Shutting down VM
D/jdwp    (28900): Got wake-up signal, bailing out of select
D/dalvikvm(28900): Debugger has detached; object registry had 1 entries
D/CatchMeIfYouCan(29002): Process (dash) ca: '/data/data/com.facebook.katana/app_cmiyc/0C66B38F48468E96F8008B6D5A2AE33B4A60265E01'
D/CatchMeIfYouCan(29002): Process (dash) fc: '/data/data/com.facebook.katana/app_cmiyc/0C66B38F48468E96F8008B6D5A2AE33B4A60265E02'
D/CatchMeIfYouCan(29002): Process (dash) cp: '('dash', 6, 60000, silent [true], restart [true], logout [true])'
D/ACRA    (29002): ACRA is enabled for com.facebook.katana, intializing...
D/ACRA    (29002): Looking for error files in /data/data/com.facebook.katana/app_acra-reports
D/ACRA    (29002): Looking for error files in /data/data/com.facebook.katana/app_minidumps
D/dalvikvm(29002): Trying to load lib /data/app-lib/com.facebook.katana-2/libfb_stl_shared.so 0x4258adf0
D/dalvikvm(29002): Added shared lib /data/app-lib/com.facebook.katana-2/libfb_stl_shared.so 0x4258adf0
D/dalvikvm(29002): No JNI_OnLoad found in /data/app-lib/com.facebook.katana-2/libfb_stl_shared.so 0x4258adf0, skipping init
D/dalvikvm(29002): Trying to load lib /data/app-lib/com.facebook.katana-2/libfb_breakpad_client.so 0x4258adf0
D/dalvikvm(29002): Added shared lib /data/app-lib/com.facebook.katana-2/libfb_breakpad_client.so 0x4258adf0
D/DexLibLoader(29002): Deleting old version: /data/data/com.facebook.katana/app_dex/guava-10.0.1-fork.dex.0.jar
D/DexLibLoader(29002): Deleting old version: /data/data/com.facebook.katana/app_dex/guava-10.0.1-fork.dex.1.jar
D/DexLibLoader(29002): Deleting old version: /data/data/com.facebook.katana/app_dex/jackson-core-2.0.5.dex.0.jar
D/DexLibLoader(29002): Deleting old version: /data/data/com.facebook.katana/app_dex/jackson-core-2.0.5.dex.1.jar
D/DexLibLoader(29002): Deleting old version: /data/data/com.facebook.katana/app_dex/jackson-core-2.0.5.dex.2.jar
D/DexLibLoader(29002): Deleting old version: /data/data/com.facebook.katana/app_dex/jackson-databind-2.0.5.dex.0.jar
D/DexLibLoader(29002): Deleting old version: /data/data/com.facebook.katana/app_dex/jackson-databind-2.0.5.dex.1.jar
D/DexLibLoader(29002): Deleting old version: /data/data/com.facebook.katana/app_dex/jackson-databind-2.0.5.dex.2.jar
D/DexLibLoader(29002): Deleting old version: /data/data/com.facebook.katana/app_dex/jackson-databind-2.0.5.dex.3.jar
D/DexLibLoader(29002): Deleting old version: /data/data/com.facebook.katana/app_dex/jackson-datatype-guava-2.0.4.dex.0.jar
D/DexLibLoader(29002): Deleting old version: /data/data/com.facebook.katana/app_dex/jackson-datatype-guava-2.0.4.dex.1.jar
D/DexLibLoader(29002): Deleting old version: /data/data/com.facebook.katana/app_dex/jackson-datatype-guava-2.0.4.dex.2.jar
D/DexLibLoader(29002): Deleting old version: /data/data/com.facebook.katana/app_dex/diffutils-1.2.1.dex.0.jar
D/dalvikvm(29002): GC_CONCURRENT freed 283K, 2% free 16481K/16800K, paused 1ms+1ms, total 12ms
D/DexLibLoader(29002): Deleting old version: /data/data/com.facebook.katana/app_dex/diffutils-1.2.1.dex.1.jar
D/DexLibLoader(29002): Deleting old version: /data/data/com.facebook.katana/app_dex/nine_old_androids.dex.0.jar
D/DexLibLoader(29002): Deleting old version: /data/data/com.facebook.katana/app_dex/nine_old_androids.dex.1.jar
D/DexLibLoader(29002): Deleting old version: /data/data/com.facebook.katana/app_dex/nine_old_androids.dex.2.jar
D/DexLibLoader(29002): Deleting old version: /data/data/com.facebook.katana/app_dex/nine_old_androids.dex.3.jar
W/SystemClassLoaderAdder(29002): Could not find zipFile entry corresponding to path /data/app/com.facebook.katana-2.apk
V/DexLibLoader(29002): Preparing secondary program dexes.
V/DexLibLoader(29002): Loaded 3 raw lines of metadata.
V/DexLibLoader(29002): Secondary program dex metadata: secondary-1.dex.jar.xz 745f174c922f51990d4ea9a825626f20854a9dfa secondary.dex01.Canary
V/DexLibLoader(29002): Secondary program dex metadata: secondary-2.dex.jar.xz 5b9d8d24b96769f85984b453b7ddea3bd8552f56 secondary.dex02.Canary
V/DexLibLoader(29002): Secondary program dex metadata: secondary-3.dex.jar.xz 303dc01a7f0fe8ea9455fe27e078a1a3ae85ff25 secondary.dex03.Canary
W/DexLibLoader(29002): Unexpected file in program dex directory: /data/data/com.facebook.katana/app_secondary_program_dex/temp_dex_lock
V/DexLibLoader(29002): Preparing to extract secondary-1.dex.jar.xz to /data/data/com.facebook.katana/app_secondary_program_dex/program-745f174c922f51990d4ea9a825626f20854a9dfa7e44adc9.dex.jar
V/DexLibLoader(29002): Dex already copied
D/OdexVerifier(29002): Odex verification is skipped.
V/DexLibLoader(29002): Creating class loader
V/DexLibLoader(29002): Finished creating class loader
V/DexLibLoader(29002): Preparing to extract secondary-2.dex.jar.xz to /data/data/com.facebook.katana/app_secondary_program_dex/program-5b9d8d24b96769f85984b453b7ddea3bd8552f567e44adc9.dex.jar
V/DexLibLoader(29002): Dex already copied
D/OdexVerifier(29002): Odex verification is skipped.
V/DexLibLoader(29002): Creating class loader
V/DexLibLoader(29002): Finished creating class loader
V/DexLibLoader(29002): Preparing to extract secondary-3.dex.jar.xz to /data/data/com.facebook.katana/app_secondary_program_dex/program-303dc01a7f0fe8ea9455fe27e078a1a3ae85ff257e44adc9.dex.jar
V/DexLibLoader(29002): Dex already copied
D/OdexVerifier(29002): Odex verification is skipped.
V/DexLibLoader(29002): Creating class loader
V/DexLibLoader(29002): Finished creating class loader
V/DexLibLoader(29002): Verifying classes from secondary dexes.
D/DexLibLoader(29002): DexLibLoader.ensureDexLoaded took 25 ms
D/dalvikvm(29002): GC_CONCURRENT freed 344K, 3% free 16568K/16952K, paused 1ms+2ms, total 9ms
D/dalvikvm(29002): GC_CONCURRENT freed 325K, 3% free 16688K/17052K, paused 2ms+1ms, total 10ms
D/dalvikvm(29002): GC_CONCURRENT freed 307K, 3% free 16839K/17184K, paused 2ms+2ms, total 12ms
D/dalvikvm(29002): GC_CONCURRENT freed 341K, 3% free 17010K/17388K, paused 1ms+3ms, total 18ms
D/dalvikvm(29002): WAIT_FOR_CONCURRENT_GC blocked 5ms
D/dalvikvm(29002): GC_CONCURRENT freed 252K, 2% free 17236K/17528K, paused 2ms+11ms, total 21ms
D/dalvikvm(29002): GC_CONCURRENT freed 281K, 2% free 17385K/17704K, paused 2ms+10ms, total 26ms
D/AndroidRuntime(29020): 
D/AndroidRuntime(29020): >>>>>> AndroidRuntime START com.android.internal.os.RuntimeInit <<<<<<
D/AndroidRuntime(29020): CheckJNI is OFF
D/dalvikvm(29020): Trying to load lib libjavacore.so 0x0
D/dalvikvm(29020): Added shared lib libjavacore.so 0x0
D/dalvikvm(29020): Trying to load lib libnativehelper.so 0x0
D/dalvikvm(29020): Added shared lib libnativehelper.so 0x0
D/dalvikvm(29020): No JNI_OnLoad found in libnativehelper.so 0x0, skipping init
D/dalvikvm(29020): Note: class Landroid/app/ActivityManagerNative; has 179 unimplemented (abstract) methods
D/dalvikvm(29002): GC_CONCURRENT freed 265K, 2% free 17601K/17904K, paused 2ms+15ms, total 27ms
D/dalvikvm(29002): GC_CONCURRENT freed 343K, 3% free 17715K/18096K, paused 2ms+11ms, total 23ms
D/AndroidRuntime(29020): Calling main entry com.android.commands.am.Am
D/dalvikvm(29002): GC_CONCURRENT freed 309K, 2% free 17791K/18140K, paused 2ms+1ms, total 15ms
I/ActivityManager(  777): START u0 {act=android.intent.action.MAIN cat=[android.intent.category.LAUNCHER] flg=0x10000000 cmp=com.haneul.bitcurrency/.MainActivity} from pid 29020
D/AndroidRuntime(29020): Shutting down VM
D/jdwp    (29020): Got wake-up signal, bailing out of select
D/dalvikvm(29020): Debugger has detached; object registry had 1 entries
D/dalvikvm(29033): Late-enabling CheckJNI
I/ActivityManager(  777): Start proc com.haneul.bitcurrency for activity com.haneul.bitcurrency/.MainActivity: pid=29033 uid=10136 gids={50136, 3003}
E/jdwp    (29033): Failed sending reply to debugger: Broken pipe
D/dalvikvm(29033): Debugger has detached; object registry had 1 entries
I/ActivityManager(  777): Killing 28440:com.google.android.setupwizard/u0a17 (adj 15): empty #17
I/ActivityManager(  777): Killing 28034:com.authy.authy/u0a87 (adj 15): empty #18
V/WebViewChromium(29033): Binding Chromium to the background looper Looper{42586a00}
I/chromium(29033): [INFO:library_loader_hooks.cc(112)] Chromium logging enabled: level = 0, default verbosity = 0
I/BrowserProcessMain(29033): Initializing chromium process, renderers=0
D/dalvikvm(29002): GC_CONCURRENT freed 277K, 2% free 17930K/18244K, paused 3ms+3ms, total 27ms
W/chromium(29033): [WARNING:proxy_service.cc(888)] PAC support disabled because there is no system implementation
I/Adreno-EGL(29033): <qeglDrvAPI_eglInitialize:320>: EGL 1.4 QUALCOMM build:  (CL3776187)
I/Adreno-EGL(29033): OpenGL ES Shader Compiler Version: 
I/Adreno-EGL(29033): Build Date: 10/15/13 Tue
I/Adreno-EGL(29033): Local Branch: 
I/Adreno-EGL(29033): Remote Branch: partner/upstream
I/Adreno-EGL(29033): Local Patches: 
I/Adreno-EGL(29033): Reconstruct Branch: 
D/dalvikvm(29033): GC_CONCURRENT freed 145K, 2% free 16635K/16816K, paused 2ms+18ms, total 36ms
D/dalvikvm(29002): GC_CONCURRENT freed 413K, 3% free 18045K/18500K, paused 2ms+1ms, total 31ms
D/dalvikvm(29002): WAIT_FOR_CONCURRENT_GC blocked 7ms
D/dalvikvm(29033): DexOpt: --- BEGIN 'ads-665571308.jar' (bootstrap=0) ---
D/dalvikvm(29085): DexOpt: load 2ms, verify+opt 3ms, 158252 bytes
D/dalvikvm(29033): DexOpt: --- END 'ads-665571308.jar' (success) ---
D/dalvikvm(29033): DEX prep '/data/data/com.haneul.bitcurrency/cache/ads-665571308.jar': unzip in 0ms, rewrite 48ms
I/Ads     (29033): Use AdRequest.Builder.addTestDevice("6E74DC13AD98EB140E18690C3ACC8C1D") to get test ads on this device.
D/dalvikvm(29033): GC_CONCURRENT freed 285K, 2% free 16790K/17112K, paused 2ms+1ms, total 16ms
I/Ads     (29033): Starting ad request.
I/EXT_FIREWALL(28955): get received broad action: intent.getAction()=android.intent.action.PACKAGE_ADDED
E/GooglePlayServicesUtil(29033): The Google Play services resources were not found. Check your project configuration to ensure that the resources are included.
I/EXT_FIREWALL(28955): The service is creating
I/EXT_FIREWALL(28955): Configuration loaded
I/EXT_FIREWALL(28955): service listener started: serviceFullName=Dd
D/EXT_FIREWALL(28955): test ctx=android.app.ContextImpl@425db878
D/EXT_FIREWALL(28955): getDbFile=/data/data/com.shinhan.sbanking/databases/mobikit_db
D/EXT_FIREWALL(28955): lastVersion=1, updateVer=1
I/EXT_FIREWALL(28955): The service is initialising...
D/EXT_FIREWALL(28955): Build.MANUFACTURER=LGE
I/EXT_FIREWALL(28955): Logcat monitor will not start
I/EXT_FIREWALL(28955): The service is initialised
D/EXT_FIREWALL(28955): onHandleIntent: intent=Intent { dat=package:com.haneul.bitcurrency cmp=com.shinhan.sbanking/com.gaia.firewall.android.BaseService (has extras) }
I/EXT_FIREWALL(28955): The service gets start command: intent=Intent { dat=package:com.haneul.bitcurrency cmp=com.shinhan.sbanking/com.gaia.firewall.android.BaseService (has extras) }
D/EXT_FIREWALL(28955):  start command intent extras: extras=Bundle[mParcelledData.dataSize=396]
I/ActivityManager(  777): Start proc com.google.android.partnersetup for broadcast com.google.android.partnersetup/.RlzPingBroadcastReceiver: pid=29091 uid=10011 gids={50011, 3003}
D/EXT_FIREWALL(28955): {EXTRA_COMMAND=15,android.intent.extra.UID=10136,android.intent.extra.REPLACING=true,EXTRA_ACTION=android.intent.action.PACKAGE_ADDED,android.intent.extra.user_handle=0,}
D/EXT_FIREWALL(28955): OFFICE: removeAppType: packageName=com.haneul.bitcurrency, newType=32
D/EXT_FIREWALL(28955): test ctx=com.gaia.firewall.android.BaseService@425db530
D/EXT_FIREWALL(28955): getDbFile=/data/data/com.shinhan.sbanking/databases/mobikit_db
D/EXT_FIREWALL(28955): try to open db: /data/data/com.shinhan.sbanking/databases/mobikit_db: is exists? =true
W/Ads     (29033): Not enough space to show ad. Needs 960x150, but only has 1080x0
W/EXT_FIREWALL(28955): update dyn info has empty values: ApplicationInfo{425d1b08 com.haneul.bitcurrency}
D/EXT_FIREWALL(28955): addToList: add AppCacheInfo info=com.haneul.bitcurrency, icon=null, label=BitCurrency
I/EXT_FIREWALL(28955): Package is added in cache: packageName=com.haneul.bitcurrency, label=BitCurrency
D/EXT_FIREWALL(28955): APPMONITOR: get command: 15
I/EXT_FIREWALL(28955): The service is on destroying...
D/EXT_FIREWALL(28955): test ctx=com.gaia.firewall.android.BaseService@425db530
D/EXT_FIREWALL(28955): getDbFile=/data/data/com.shinhan.sbanking/databases/mobikit_db
D/EXT_FIREWALL(28955): try to open db: /data/data/com.shinhan.sbanking/databases/mobikit_db: is exists? =true
D/OpenGLRenderer(29033): Enabling debug mode 0
I/EXT_FIREWALL(28955): all app cache info's changes are commited!
I/EXT_FIREWALL(28955): The service is destroying
I/EXT_FIREWALL(28955): The service is destroyed!
D/dalvikvm(29002): GC_CONCURRENT freed 372K, 3% free 18240K/18652K, paused 2ms+5ms, total 28ms
I/ActivityManager(  777): Delay finish: com.google.android.partnersetup/.AppInstalledReceiver
I/ActivityManager(  777): Resuming delayed broadcast
D/dalvikvm(28955): GC_CONCURRENT freed 258K, 2% free 16470K/16768K, paused 1ms+1ms, total 38ms
I/ActivityManager(  777): Delay finish: com.android.musicfx/.Compatibility$Receiver
I/ActivityManager(  777): Resuming delayed broadcast
D/SystemBroadcastService( 2201): Received broadcast action=android.intent.action.PACKAGE_ADDED and uri=
W/ContextImpl( 2201): Implicit intents with startService are not safe: Intent { act=com.google.android.gms.games.service.INTENT } android.content.ContextWrapper.startService:494 com.google.android.gms.games.service.GamesIntentService.a:101 com.google.android.gms.games.service.GamesIntentService.b:368 
D/dalvikvm(29002): GC_FOR_ALLOC freed 13K, 3% free 18430K/18844K, paused 24ms, total 25ms
I/ActivityManager(  777): Delay finish: com.google.android.googlequicksearchbox/com.google.android.search.core.summons.icing.InternalIcingCorporaProvider$CorporaChangedReceiver
I/Icing.InternalIcingCorporaProvider( 1328): Updating corpora: A: com.haneul.bitcurrency, C: MAYBE
I/ActivityManager(  777): Displayed com.haneul.bitcurrency/.MainActivity: +440ms
W/Ads     (29033): Not enough space to show ad. Needs 960x150, but only has 1080x0
V/GelStubAppWatcher( 1328): onReceive: android.intent.action.PACKAGE_ADDED
I/ActivityManager(  777): Resuming delayed broadcast
I/ActivityManager(  777): Delay finish: com.google.android.apps.plus/.service.PackagesMediaMonitor
E/GooglePlayServicesUtil(29033): The Google Play services resources were not found. Check your project configuration to ensure that the resources are included.
E/GooglePlayServicesUtil(29033): The Google Play services resources were not found. Check your project configuration to ensure that the resources are included.
I/ActivityManager(  777): Resuming delayed broadcast
D/dalvikvm(29033): GC_CONCURRENT freed 314K, 3% free 16895K/17248K, paused 1ms+3ms, total 13ms
I/ActivityManager(  777): Delay finish: com.google.android.apps.plus/.service.PackageAddedReceiver
V/WebViewChromium( 2201): Binding Chromium to the background looper Looper{42589a70}
I/chromium( 2201): [INFO:library_loader_hooks.cc(112)] Chromium logging enabled: level = 0, default verbosity = 0
I/BrowserProcessMain( 2201): Initializing chromium process, renderers=0
I/ActivityManager(  777): Resuming delayed broadcast
W/chromium( 2201): [WARNING:proxy_service.cc(888)] PAC support disabled because there is no system implementation
I/Adreno-EGL( 2201): <qeglDrvAPI_eglInitialize:320>: EGL 1.4 QUALCOMM build:  (CL3776187)
I/Adreno-EGL( 2201): OpenGL ES Shader Compiler Version: 
I/Adreno-EGL( 2201): Build Date: 10/15/13 Tue
I/Adreno-EGL( 2201): Local Branch: 
I/Adreno-EGL( 2201): Remote Branch: partner/upstream
I/Adreno-EGL( 2201): Local Patches: 
I/Adreno-EGL( 2201): Reconstruct Branch: 
D/dalvikvm(29002): GC_CONCURRENT freed 259K, 2% free 18785K/19080K, paused 4ms+6ms, total 32ms
E/dalvikvm(29002): Could not find class 'org.apache.harmony.xnet.provider.jsse.OpenSSLSocketImpl', referenced from method com.facebook.ssl.openssl.check.CheckOpenSSLImplHasRequiredMethods.<clinit>
W/dalvikvm(29002): VFY: unable to resolve const-class 7496 (Lorg/apache/harmony/xnet/provider/jsse/OpenSSLSocketImpl;) in Lcom/facebook/ssl/openssl/check/CheckOpenSSLImplHasRequiredMethods;
D/dalvikvm(29002): VFY: replacing opcode 0x1c at 0x000d
E/dalvikvm(29002): Could not find class 'org.apache.harmony.xnet.provider.jsse.OpenSSLSocketFactoryImpl', referenced from method com.facebook.ssl.openssl.reflect.SSLParametersGetter.<clinit>
W/dalvikvm(29002): VFY: unable to resolve const-class 7495 (Lorg/apache/harmony/xnet/provider/jsse/OpenSSLSocketFactoryImpl;) in Lcom/facebook/ssl/openssl/reflect/SSLParametersGetter;
D/dalvikvm(29002): VFY: replacing opcode 0x1c at 0x000d
E/dalvikvm(29002): Could not find class 'org.apache.harmony.xnet.provider.jsse.SSLParametersImpl', referenced from method com.facebook.ssl.openssl.reflect.SSLParametersGetter.a
W/dalvikvm(29002): VFY: unable to resolve check-cast 7498 (Lorg/apache/harmony/xnet/provider/jsse/SSLParametersImpl;) in Lcom/facebook/ssl/openssl/reflect/SSLParametersGetter;
D/dalvikvm(29002): VFY: replacing opcode 0x1f at 0x0006
E/dalvikvm(29002): Could not find class 'org.apache.harmony.xnet.provider.jsse.SSLParametersImpl', referenced from method com.facebook.ssl.openssl.reflect.SSLSessionTimeoutSetter.<clinit>
W/dalvikvm(29002): VFY: unable to resolve const-class 7498 (Lorg/apache/harmony/xnet/provider/jsse/SSLParametersImpl;) in Lcom/facebook/ssl/openssl/reflect/SSLSessionTimeoutSetter;
D/dalvikvm(29002): VFY: replacing opcode 0x1c at 0x000d
W/dalvikvm(29002): VFY: unable to find class referenced in signature (Lorg/apache/harmony/xnet/provider/jsse/SSLParametersImpl;)
E/dalvikvm(29002): Could not find class 'org.apache.harmony.xnet.provider.jsse.ClientSessionContext', referenced from method com.facebook.ssl.openssl.reflect.SSLSessionTimeoutSetter.a
W/dalvikvm(29002): VFY: unable to resolve check-cast 7494 (Lorg/apache/harmony/xnet/provider/jsse/ClientSessionContext;) in Lcom/facebook/ssl/openssl/reflect/SSLSessionTimeoutSetter;
D/dalvikvm(29002): VFY: replacing opcode 0x1f at 0x0006
W/dalvikvm(29002): VFY: unable to find class referenced in signature (Lorg/apache/harmony/xnet/provider/jsse/SSLParametersImpl;)
W/dalvikvm(29002): Unable to resolve superclass of Lcom/facebook/ssl/openssl/TicketEnabledOpenSSLSocketImplWrapper; (7497)
W/dalvikvm(29002): Link of class 'Lcom/facebook/ssl/openssl/TicketEnabledOpenSSLSocketImplWrapper;' failed
E/dalvikvm(29002): Could not find class 'com.facebook.ssl.openssl.TicketEnabledOpenSSLSocketImplWrapper', referenced from method com.facebook.ssl.openssl.TicketEnabledOpenSSLSocketFactoryHelper.a
W/dalvikvm(29002): VFY: unable to resolve new-instance 4669 (Lcom/facebook/ssl/openssl/TicketEnabledOpenSSLSocketImplWrapper;) in Lcom/facebook/ssl/openssl/TicketEnabledOpenSSLSocketFactoryHelper;
D/dalvikvm(29002): VFY: replacing opcode 0x22 at 0x0000
W/dalvikvm(29002): Unable to resolve superclass of Lcom/facebook/ssl/openssl/TicketEnabledOpenSSLSocketImplWrapper; (7497)
W/dalvikvm(29002): Link of class 'Lcom/facebook/ssl/openssl/TicketEnabledOpenSSLSocketImplWrapper;' failed
D/dalvikvm(29002): DexOpt: unable to opt direct call 0x61d3 at 0x08 in Lcom/facebook/ssl/openssl/TicketEnabledOpenSSLSocketFactoryHelper;.a
